/mnt/c/Users/z5242/Desktop/重构版/工作流/examples/routeb_frame_slot_homogeneous_prefix_v2_lean/output/run-8u5h1abb/FrameSlotHomogeneousPrefixV2.lean:1:0: error: unknown module prefix 'FrameRecursion'

No directory 'FrameRecursion' or file 'FrameRecursion.olean' in the search path entries:
/mnt/c/Users/z5242/Desktop/重构版/工作流/examples/routeb_frame_slot_homogeneous_prefix_v2_lean/output/run-8u5h1abb
/mnt/c/Users/z5242/Desktop/重构版/工作流/examples/routeb_concrete_step_homogeneous_lean/output/run-ZBZY9WRv
/mnt/c/Users/z5242/Desktop/重构版/工作流/examples/routeb_homogeneous_prefix_projection_lean/output/run-7hl40Fdl
/mnt/c/Users/z5242/Desktop/重构版/工作流/examples/routeb_homogeneous_rotation_projection_lean/output/run-O33agpqU
/mnt/c/Users/z5242/Desktop/重构版/工作流/examples/routeb_rotation_prefix_orthogonality_lean/output/run-EZZSgIdS
/mnt/c/Users/z5242/Desktop/重构版/工作流/examples/routeb_matrix_orthogonality_closure_lean/output/run-w9gDKPMw
/mnt/c/Users/z5242/Desktop/重构版/工作流/examples/routeb_frame_slot_accessor_lean/output/run-4RJoHvpZ
/mnt/c/Users/z5242/Desktop/重构版/工作流/examples/routeb_frame_prefix_index_lean/output/run-lVHyO9Lp
/mnt/c/Users/z5242/Desktop/重构版/工作流/examples/routeb_real_dh_step_lean/output/run-nAZVlwhR
/mnt/c/Users/z5242/Desktop/重构版/工作流/examples/routeb_frame_origin_axis_lean/output/run-H0sN55iL
/home/z5242/sos_lean/.lake/packages/LeanSearchClient/.lake/build/lib/lean
/home/z5242/sos_lean/.lake/packages/Qq/.lake/build/lib/lean
/home/z5242/sos_lean/.lake/packages/aesop/.lake/build/lib/lean
/home/z5242/sos_lean/.lake/packages/batteries/.lake/build/lib/lean
/home/z5242/sos_lean/.lake/packages/importGraph/.lake/build/lib/lean
/home/z5242/sos_lean/.lake/packages/mathlib/.lake/build/lib/lean
/home/z5242/sos_lean/.lake/packages/plausible/.lake/build/lib/lean
/home/z5242/sos_lean/.lake/packages/proofwidgets/.lake/build/lib/lean
/home/z5242/.elan/toolchains/leanprover--lean4---v4.33.1/lib/lean
FrameSlotHomogeneousPrefixV2_COMPILE_EXIT_CODE=1
