START_UTC=2026-09-06T01:14:06Z
Lean (version 4.33.1, x86_64-unknown-linux-gnu, commit 819816b2e0a3bf405af45ae5c7af2491d8f5bee6, Release)
LEAN_PATH=/mnt/c/Users/z5242/Desktop/重构版/工作流/examples/routeb_two_body_mass_sum_lean/output/run-PKEzakdr:/mnt/c/Users/z5242/Desktop/重构版/工作流/examples/routeb_single_body_contract_instantiation_lean/output/run-XSWyT6w1:/mnt/c/Users/z5242/Desktop/重构版/工作流/examples/routeb_source_contract_adapter_lean/output/run-RSGGTurS:/mnt/c/Users/z5242/Desktop/重构版/工作流/examples/routeb_frame_slot_accessor_lean/output/run-4RJoHvpZ:/mnt/c/Users/z5242/Desktop/重构版/工作流/examples/routeb_body_contract_core_lean/output/run-0FvNkLzz:/mnt/c/Users/z5242/Desktop/重构版/工作流/examples/routeb_body_semantic_core_lean/output/run-6vhFP8Zp:/mnt/c/Users/z5242/Desktop/重构版/工作流/examples/routeb_frame_prefix_index_lean/output/run-lVHyO9Lp:/mnt/c/Users/z5242/Desktop/重构版/工作流/examples/routeb_frame_origin_axis_lean/output/run-H0sN55iL:/mnt/c/Users/z5242/Desktop/重构版/工作流/examples/routeb_real_dh_step_lean/output/run-nAZVlwhR:/mnt/c/Users/z5242/Desktop/重构版/工作流/examples/routeb_b45_frame_recursion/output/run-k87wlFSd:/home/z5242/sos_lean/.lake/packages/LeanSearchClient/.lake/build/lib/lean:/home/z5242/sos_lean/.lake/packages/Qq/.lake/build/lib/lean:/home/z5242/sos_lean/.lake/packages/aesop/.lake/build/lib/lean:/home/z5242/sos_lean/.lake/packages/batteries/.lake/build/lib/lean:/home/z5242/sos_lean/.lake/packages/importGraph/.lake/build/lib/lean:/home/z5242/sos_lean/.lake/packages/mathlib/.lake/build/lib/lean:/home/z5242/sos_lean/.lake/packages/plausible/.lake/build/lib/lean:/home/z5242/sos_lean/.lake/packages/proofwidgets/.lake/build/lib/lean
SOURCE_SNAPSHOT_COMPLETE=true
/mnt/c/Users/z5242/Desktop/重构版/工作流/examples/routeb_two_body_mass_sum_lean/output/run-PKEzakdr/TwoBodyMassSum.lean:29:6: error: Tactic `rewrite` failed: Did not find an occurrence of the pattern
  contractMass (sourceContract q) 3 mass4 inertia4
in the target expression
  block45MassSum (sourceContract q) mass4 mass5 inertia4 inertia5 i j =
    block45MassSum (frameContract q) mass4 mass5 inertia4 inertia5 i j

q : Fin 6 → ℝ
mass4 mass5 : ℝ
inertia4 inertia5 : IMat
i j : Fin 6
⊢ block45MassSum (sourceContract q) mass4 mass5 inertia4 inertia5 i j =
    block45MassSum (frameContract q) mass4 mass5 inertia4 inertia5 i j
'RouteBTwoBodyMassSum.block45_source_mass_sum_eq_frame_mass_sum' depends on axioms: [propext,
 sorryAx,
 Classical.choice,
 Quot.sound]
'RouteBTwoBodyMassSum.block45_source_mass_sum_entry' depends on axioms: [propext, Classical.choice, Quot.sound]
TwoBodyMassSum_COMPILE_EXIT_CODE=1
VERIFY_EXIT_CODE=1
