START_UTC=2026-09-06T01:00:34Z
Lean (version 4.33.1, x86_64-unknown-linux-gnu, commit 819816b2e0a3bf405af45ae5c7af2491d8f5bee6, Release)
LEAN_PATH=/mnt/c/Users/z5242/Desktop/重构版/工作流/examples/routeb_source_contract_adapter_lean/output/run-RSGGTurS:/mnt/c/Users/z5242/Desktop/重构版/工作流/examples/routeb_frame_slot_accessor_lean/output/run-4RJoHvpZ:/mnt/c/Users/z5242/Desktop/重构版/工作流/examples/routeb_body_contract_core_lean/output/run-0FvNkLzz:/mnt/c/Users/z5242/Desktop/重构版/工作流/examples/routeb_body_semantic_core_lean/output/run-6vhFP8Zp:/mnt/c/Users/z5242/Desktop/重构版/工作流/examples/routeb_frame_prefix_index_lean/output/run-lVHyO9Lp:/mnt/c/Users/z5242/Desktop/重构版/工作流/examples/routeb_frame_origin_axis_lean/output/run-H0sN55iL:/mnt/c/Users/z5242/Desktop/重构版/工作流/examples/routeb_real_dh_step_lean/output/run-nAZVlwhR:/mnt/c/Users/z5242/Desktop/重构版/工作流/examples/routeb_b45_frame_recursion/output/run-k87wlFSd:/home/z5242/sos_lean/.lake/packages/LeanSearchClient/.lake/build/lib/lean:/home/z5242/sos_lean/.lake/packages/Qq/.lake/build/lib/lean:/home/z5242/sos_lean/.lake/packages/aesop/.lake/build/lib/lean:/home/z5242/sos_lean/.lake/packages/batteries/.lake/build/lib/lean:/home/z5242/sos_lean/.lake/packages/importGraph/.lake/build/lib/lean:/home/z5242/sos_lean/.lake/packages/mathlib/.lake/build/lib/lean:/home/z5242/sos_lean/.lake/packages/plausible/.lake/build/lib/lean:/home/z5242/sos_lean/.lake/packages/proofwidgets/.lake/build/lib/lean
SOURCE_SNAPSHOT_COMPLETE=true
'RouteBSourceContractAdapter.source_origin_function_eq_frame_contract' depends on axioms: [propext,
 Classical.choice,
 Quot.sound]
'RouteBSourceContractAdapter.source_axis_function_eq_frame_contract' depends on axioms: [propext,
 Classical.choice,
 Quot.sound]
'RouteBSourceContractAdapter.source_contract_body_mass_eq_frame_contract_body_mass' depends on axioms: [propext,
 Classical.choice,
 Quot.sound]
SourceContractAdapter_COMPILE_EXIT_CODE=0
SOURCE_RESTRICTION_CHECK=PASSED
58c0b15b6fceb1064f773acdb9f684dc55a021ac69a030c13e1c8b46f7b9a8dc  /mnt/c/Users/z5242/Desktop/重构版/工作流/examples/routeb_source_contract_adapter_lean/output/run-RSGGTurS/SourceContractAdapter.lean
c1908efdfe68c5515623290fdb1808129da75a437d7d163336882282da23d5f4  /mnt/c/Users/z5242/Desktop/重构版/工作流/examples/routeb_source_contract_adapter_lean/output/run-RSGGTurS/SourceContractAdapter.olean
JULIA_FLOAT64_BINDING=OPEN
FULL_MASS_BINDING=OPEN
END_UTC=2026-09-06T01:02:47Z
VERIFY_EXIT_CODE=0
