START_UTC=2026-09-05T22:56:22Z
MATHLIB_COMMIT=0df444a360eaa60ab8c11dca51a86af692955474
Lean (version 4.33.1, x86_64-unknown-linux-gnu, commit 819816b2e0a3bf405af45ae5c7af2491d8f5bee6, Release)
LEAN_PATH=/mnt/c/Users/z5242/Desktop/重构版/工作流/examples/routeb_fourier_gradient_lean/output/run-weWkW1WN:/home/z5242/sos_lean/.lake/packages/LeanSearchClient/.lake/build/lib/lean:/home/z5242/sos_lean/.lake/packages/Qq/.lake/build/lib/lean:/home/z5242/sos_lean/.lake/packages/aesop/.lake/build/lib/lean:/home/z5242/sos_lean/.lake/packages/batteries/.lake/build/lib/lean:/home/z5242/sos_lean/.lake/packages/importGraph/.lake/build/lib/lean:/home/z5242/sos_lean/.lake/packages/mathlib/.lake/build/lib/lean:/home/z5242/sos_lean/.lake/packages/plausible/.lake/build/lib/lean:/home/z5242/sos_lean/.lake/packages/proofwidgets/.lake/build/lib/lean
SNAPSHOT_COMPLETE=true
'RouteBFourierGradient.phaseLine_at' depends on axioms: [propext, Classical.choice, Quot.sound]
'RouteBFourierGradient.hasDerivAt_phaseLine' depends on axioms: [propext, Classical.choice, Quot.sound]
'RouteBFourierGradient.hasDerivAt_fourier_row' depends on axioms: [propext, Classical.choice, Quot.sound]
'RouteBFourierGradient.hasDerivAt_fourierPotential_coordinate' depends on axioms: [propext,
 Classical.choice,
 Quot.sound]
'RouteBFourierGradient.deployed_gradient_of_functional_identity' depends on axioms: [propext,
 Classical.choice,
 Quot.sound]
FourierGradient_COMPILE_EXIT_CODE=0
2bf64904920f1ef6a46cd79d5ba10b14320f60347448bd55becc5c27fe29efeb  /mnt/c/Users/z5242/Desktop/重构版/工作流/examples/routeb_fourier_gradient_lean/output/run-weWkW1WN/FourierGradient.lean
5955f79dbaf7667fa1106cf8f93905cf77d18c355c7a53890bfbdf2db5f3ac87  /mnt/c/Users/z5242/Desktop/重构版/工作流/examples/routeb_fourier_gradient_lean/output/run-weWkW1WN/FourierGradient.olean
SNAPSHOT_HASHES_UNCHANGED=true
END_UTC=2026-09-05T22:56:32Z
VERIFY_EXIT_CODE=0
