START_UTC=2026-09-05T22:38:47Z
LEAN_TOOLCHAIN_COMMIT=819816b2e0a3bf405af45ae5c7af2491d8f5bee6
MATHLIB_COMMIT=0df444a360eaa60ab8c11dca51a86af692955474
Lean (version 4.33.1, x86_64-unknown-linux-gnu, commit 819816b2e0a3bf405af45ae5c7af2491d8f5bee6, Release)
LEAN_PATH=/mnt/c/Users/z5242/Desktop/重构版/工作流/examples/routeb_positive_supply_q_projection_lean/output/run-wVW1bJeU:/home/z5242/sos_lean/.lake/packages/LeanSearchClient/.lake/build/lib/lean:/home/z5242/sos_lean/.lake/packages/Qq/.lake/build/lib/lean:/home/z5242/sos_lean/.lake/packages/aesop/.lake/build/lib/lean:/home/z5242/sos_lean/.lake/packages/batteries/.lake/build/lib/lean:/home/z5242/sos_lean/.lake/packages/importGraph/.lake/build/lib/lean:/home/z5242/sos_lean/.lake/packages/mathlib/.lake/build/lib/lean:/home/z5242/sos_lean/.lake/packages/plausible/.lake/build/lib/lean:/home/z5242/sos_lean/.lake/packages/proofwidgets/.lake/build/lib/lean
COMMAND=/home/z5242/.elan/toolchains/leanprover--lean4---v4.33.1/bin/lean -DwarningAsError=true --root=/mnt/c/Users/z5242/Desktop/重构版/工作流/examples/routeb_positive_supply_q_projection_lean/output/run-wVW1bJeU -o /mnt/c/Users/z5242/Desktop/重构版/工作流/examples/routeb_positive_supply_q_projection_lean/output/run-wVW1bJeU/QProjection.olean /mnt/c/Users/z5242/Desktop/重构版/工作流/examples/routeb_positive_supply_q_projection_lean/output/run-wVW1bJeU/QProjection.lean
/mnt/c/Users/z5242/Desktop/重构版/工作流/examples/routeb_positive_supply_q_projection_lean/output/run-wVW1bJeU/QProjection.lean:84:67: error: unsolved goals
s : ℝ
⊢ True ∧ True ∧ True
/mnt/c/Users/z5242/Desktop/重构版/工作流/examples/routeb_positive_supply_q_projection_lean/output/run-wVW1bJeU/QProjection.lean:86:8: error: This simp argument is unused:
  Fin.sum_univ_succ

Hint: Omit it from the simp argument list.
  [apply] simp

Note: This linter can be disabled with `set_option linter.unusedSimpArgs false`
'RouteBQProjection.qEnergy_dominates_selected' depends on axioms: [propext, Classical.choice, Quot.sound]
'RouteBQProjection.weighted_projection_square' depends on axioms: [propext, Classical.choice, Quot.sound]
'RouteBQProjection.projection_square' depends on axioms: [propext, Classical.choice, Quot.sound]
'RouteBQProjection.projection_abs' depends on axioms: [propext, Classical.choice, Quot.sound]
'RouteBQProjection.sharp_projection' depends on axioms: [propext, sorryAx, Classical.choice, Quot.sound]
QProjection_COMPILE_EXIT_CODE=1
VERIFY_EXIT_CODE=1
