Try this:
  [apply] ring_nf
  
  The `ring` tactic failed to close the goal. Use `ring_nf` to obtain a normal form.
    
  Note that `ring` works primarily in *commutative* rings. If you have a noncommutative ring, abelian group or module, consider using `noncomm_ring`, `abel` or `module` instead.
/mnt/c/Users/z5242/Desktop/重构版/工作流/examples/routeb_block_potential/BlockPotential.lean:16:51: error: unsolved goals
q : Fin 6 → ℝ
⊢ ⋯ + ⋯ + ⋯ * ⋯ + ⋯ * ⋯ * (-20601 / 1600000) + ⋯ * ⋯ * Real.sin ⋯ * (-20601 / 1600000) +
                                                                                                ⋯ * ⋯ * Real.cos ⋯ *
                                                                                                    Real.sin (⋯ * ⋯) *
                                                                                                  (-20601 / 1600000) +
                                                                                              ⋯ * ⋯ * Real.sin ⋯ *
                                                                                                    Real.sin (⋯ * ⋯) *
                                                                                                  Real.sin (q ⋯ * ↑⋯) *
                                                                                                (20601 / 1600000) +
                                                                                            Real.sin ⋯ * Real.sin ⋯ *
                                                                                                    Real.cos (⋯ * ⋯) *
                                                                                                  Real.cos (q ⋯ * ↑⋯) *
                                                                                                Real.cos
                                                                                                  (q ⋯.succ *
                                                                                                    ↑(![1, 0, 1, 0]
                                                                                                        ⋯)) *
                                                                                              (-20601 / 1600000) +
                                                                                          Real.sin (q ⋯) *
                                                                                                    Real.sin (⋯ * ⋯) *
                                                                                                  Real.cos (q ⋯ * ↑⋯) *
                                                                                                Real.sin
                                                                                                  (q ⋯.succ *
                                                                                                    ↑(![1, 0, 1, 0]
                                                                                                        ⋯)) *
                                                                                              Real.sin
                                                                                                (q (Fin.succ 2) *
                                                                                                  ↑(![1, 1, 0, 1, 0]
                                                                                                      2)) *
                                                                                            (20601 / 1600000) +
                                                                                        Real.sin (q 1) *
                                                                                                  Real.sin (q ⋯ * ↑⋯) *
                                                                                                Real.cos
                                                                                                  (q (Fin.succ ⋯) *
                                                                                                    ↑(Matrix.vecCons 1 ⋯
                                                                                                        ⋯)) *
                                                                                              Real.sin
                                                                                                (q (Fin.succ ⋯).succ *
                                                                                                  ↑(![1, 0, 1, 0] 2)) *
                                                                                            Real.sin
                                                                                              (q 2 *
                                                                                                ↑(![0, 1, 1, 0, 1, 0]
                                                                                                    2)) *
                                                                                          (20601 / 1600000) +
                                                                                      Real.sin (q 1) *
                                                                                                Real.sin
                                                                                                  (q ⋯.succ *
                                                                                                    ↑(![0, 1, 0] ⋯)) *
                                                                                              Real.cos
                                                                                                (q (Fin.succ ⋯).succ *
                                                                                                  ↑(![1, 0, 1, 0] 2)) *
                                                                                            Real.sin
                                                                                              (q (Fin.succ 2) *
                                                                                                ↑(![1, 1, 0, 1, 0] 2)) *
                                                                                          Real.sin
                                                                                            (q 2 *
                                                                                              ↑(![0, 1, 1, 0, 1, 0]
                                                                                                  2)) *
                                                                                        (20601 / 1600000) +
                                                                                    Real.sin (q 1) *
                                                                                              Real.cos
                                                                                                (q 2 *
                                                                                                  ↑(Matrix.vecCons 0
                                                                                                      (Matrix.vecCons
                                                                                                        (-1) ⋯)
                                                                                                      2)) *
                                                                                            Real.cos
                                                                                              (q (Fin.succ 2) *
                                                                                                ↑(Matrix.vecCons (-1)
                                                                                                    (Matrix.vecCons (-1)
                                                                                                      (Matrix.vecCons 1
                                                                                                        ⋯))
                                                                                                    2)) *
                                                                                          Real.cos
                                                                                            (q (Fin.succ 2).succ *
                                                                                              ↑(![-1, 1, -1, 0] 2)) *
                                                                                        Real.sin
                                                                                          (q (Fin.succ 2).succ.succ *
                                                                                            ↑(![1, -1, 0] 2)) *
                                                                                      (20601 / 3200000) +
                                                                                  Real.sin (q 1) *
                                                                                            Real.cos
                                                                                              (q 2 *
                                                                                                ↑(Matrix.vecCons 0
                                                                                                    (Matrix.vecCons (-1)
                                                                                                      (Matrix.vecCons
                                                                                                        (-1) ⋯))
                                                                                                    2)) *
                                                                                          Real.cos
                                                                                            (q (Fin.succ 2) *
                                                                                              ↑(![-1, -1, 1, -1, 0]
                                                                                                  2)) *
                                                                                        Real.cos
                                                                                          (q (Fin.succ 2).succ.succ *
                                                                                            ↑(![1, -1, 0] 2)) *
                                                                                      Real.sin
                                                                                        (q (Fin.succ 2).succ *
                                                                                          ↑(![-1, 1, -1, 0] 2)) *
                                                                                    (20601 / 3200000) +
                                                                                Real.sin (q 1) *
                                                                                          Real.cos
                                                                                            (q 2 *
                                                                                              ↑(Matrix.vecCons 0
                                                                                                  (Matrix.vecCons (-1)
                                                                                                    (Matrix.vecCons (-1)
                                                                                                      (Matrix.vecCons 1
                                                                                                        ⋯)))
                                                                                                  2)) *
                                                                                        Real.cos
                                                                                          (q (Fin.succ 2).succ *
                                                                                            ↑(![-1, 1, -1, 0] 2)) *
                                                                                      Real.cos
                                                                                        (q (Fin.succ 2).succ.succ *
                                                                                          ↑(![1, -1, 0] 2)) *
                                                                                    Real.sin
                                                                                      (q (Fin.succ 2) *
                                                                                        ↑(![-1, -1, 1, -1, 0] 2)) *
                                                                                  (20601 / 3200000) +
                                                                              Real.sin (q 1) *
                                                                                        Real.cos
                                                                                          (q 2 *
                                                                                            ↑(![0, -1, -1, 1, -1, 0]
                                                                                                2)) *
                                                                                      Real.sin
                                                                                        (q (Fin.succ 2).succ *
                                                                                          ↑(![-1, 1, -1, 0] 2)) *
                                                                                    Real.sin
                                                                                      (q (Fin.succ 2).succ.succ *
                                                                                        ↑(![1, -1, 0] 2)) *
                                                                                  Real.sin
                                                                                    (q (Fin.succ 2) *
                                                                                      ↑(![-1, -1, 1, -1, 0] 2)) *
                                                                                (-20601 / 3200000) +
                                                                            Real.sin (q 1) *
                                                                                      Real.cos
                                                                                        (q (Fin.succ 2) *
                                                                                          ↑(![-1, -1, 1, -1, 0] 2)) *
                                                                                    Real.cos
                                                                                      (q (Fin.succ 2).succ *
                                                                                        ↑(![-1, 1, -1, 0] 2)) *
                                                                                  Real.cos
                                                                                    (q (Fin.succ 2).succ.succ *
                                                                                      ↑(![1, -1, 0] 2)) *
                                                                                Real.sin
                                                                                  (q 2 * ↑(![0, -1, -1, 1, -1, 0] 2)) *
                                                                              (20601 / 3200000) +
                                                                          Real.sin (q 1) *
                                                                                    Real.cos
                                                                                      (q (Fin.succ 2) *
                                                                                        ↑(![-1, -1, 1, -1, 0] 2)) *
                                                                                  Real.sin
                                                                                    (q (Fin.succ 2).succ *
                                                                                      ↑(![-1, 1, -1, 0] 2)) *
                                                                                Real.sin
                                                                                  (q (Fin.succ 2).succ.succ *
                                                                                    ↑(![1, -1, 0] 2)) *
                                                                              Real.sin
                                                                                (q 2 * ↑(![0, -1, -1, 1, -1, 0] 2)) *
                                                                            (-20601 / 3200000) +
                                                                        Real.sin (q 1) *
                                                                                  Real.cos
                                                                                    (q (Fin.succ 2).succ *
                                                                                      ↑(![-1, 1, -1, 0] 2)) *
                                                                                Real.sin
                                                                                  (q (Fin.succ 2).succ.succ *
                                                                                    ↑(![1, -1, 0] 2)) *
                                                                              Real.sin
                                                                                (q (Fin.succ 2) *
                                                                                  ↑(![-1, -1, 1, -1, 0] 2)) *
                                                                            Real.sin
                                                                              (q 2 * ↑(![0, -1, -1, 1, -1, 0] 2)) *
                                                                          (-20601 / 3200000) +
                                                                      Real.sin (q 1) *
                                                                                Real.cos
                                                                                  (q (Fin.succ 2).succ.succ *
                                                                                    ↑(![1, -1, 0] 2)) *
                                                                              Real.sin
                                                                                (q (Fin.succ 2).succ *
                                                                                  ↑(![-1, 1, -1, 0] 2)) *
                                                                            Real.sin
                                                                              (q (Fin.succ 2) *
                                                                                ↑(![-1, -1, 1, -1, 0] 2)) *
                                                                          Real.sin (q 2 * ↑(![0, -1, -1, 1, -1, 0] 2)) *
                                                                        (-20601 / 3200000) +
                                                                    Real.sin (q 1) *
                                                                              Real.cos
                                                                                (q (Fin.succ 2).succ.succ *
                                                                                  ↑(![1, -1, 0] 2)) *
                                                                            Real.cos (q 2 * ↑(![0, 1, 1, 1, -1, 0] 2)) *
                                                                          Real.cos
                                                                            (q (Fin.succ 2) * ↑(![1, 1, 1, -1, 0] 2)) *
                                                                        Real.sin
                                                                          (q (Fin.succ 2).succ * ↑(![1, 1, -1, 0] 2)) *
                                                                      (20601 / 3200000) +
                                                                  Real.sin (q 1) *
                                                                            Real.cos
                                                                              (q (Fin.succ 2).succ.succ *
                                                                                ↑(![1, -1, 0] 2)) *
                                                                          Real.cos (q 2 * ↑(![0, 1, 1, 1, -1, 0] 2)) *
                                                                        Real.cos
                                                                          (q (Fin.succ 2).succ * ↑(![1, 1, -1, 0] 2)) *
                                                                      Real.sin
                                                                        (q (Fin.succ 2) * ↑(![1, 1, 1, -1, 0] 2)) *
                                                                    (20601 / 3200000) +
                                                                Real.sin (q 1) *
                                                                          Real.cos
                                                                            (q (Fin.succ 2).succ.succ *
                                                                              ↑(![1, -1, 0] 2)) *
                                                                        Real.cos
                                                                          (q (Fin.succ 2) * ↑(![1, 1, 1, -1, 0] 2)) *
                                                                      Real.cos
                                                                        (q (Fin.succ 2).succ * ↑(![1, 1, -1, 0] 2)) *
                                                                    Real.sin (q 2 * ↑(![0, 1, 1, 1, -1, 0] 2)) *
                                                                  (20601 / 3200000) +
                                                              Real.sin (q 1) *
                                                                        Real.cos
                                                                          (q (Fin.succ 2).succ.succ *
                                                                            ↑(![1, -1, 0] 2)) *
                                                                      Real.sin
                                                                        (q (Fin.succ 2).succ * ↑(![1, 1, -1, 0] 2)) *
                                                                    Real.sin (q (Fin.succ 2) * ↑(![1, 1, 1, -1, 0] 2)) *
                                                                  Real.sin (q 2 * ↑(![0, 1, 1, 1, -1, 0] 2)) *
                                                                (-20601 / 3200000) +
                                                            Real.sin (q 1) *
                                                                      Real.sin
                                                                        (q (Fin.succ 2).succ.succ * ↑(![1, -1, 0] 2)) *
                                                                    Real.cos (q 2 * ↑(![0, 1, 1, 1, -1, 0] 2)) *
                                                                  Real.cos (q (Fin.succ 2) * ↑(![1, 1, 1, -1, 0] 2)) *
                                                                Real.cos (q (Fin.succ 2).succ * ↑(![1, 1, -1, 0] 2)) *
                                                              (20601 / 3200000) +
                                                          Real.sin (q 1) *
                                                                    Real.sin
                                                                      (q (Fin.succ 2).succ.succ * ↑(![1, -1, 0] 2)) *
                                                                  Real.cos (q 2 * ↑(![0, 1, 1, 1, -1, 0] 2)) *
                                                                Real.sin (q (Fin.succ 2).succ * ↑(![1, 1, -1, 0] 2)) *
                                                              Real.sin (q (Fin.succ 2) * ↑(![1, 1, 1, -1, 0] 2)) *
                                                            (-20601 / 3200000) +
                                                        Real.sin (q 1) *
                                                                  Real.sin
                                                                    (q (Fin.succ 2).succ.succ * ↑(![1, -1, 0] 2)) *
                                                                Real.cos (q (Fin.succ 2) * ↑(![1, 1, 1, -1, 0] 2)) *
                                                              Real.sin (q (Fin.succ 2).succ * ↑(![1, 1, -1, 0] 2)) *
                                                            Real.sin (q 2 * ↑(![0, 1, 1, 1, -1, 0] 2)) *
                                                          (-20601 / 3200000) +
                                                      Real.sin (q 1) *
                                                                Real.sin (q (Fin.succ 2).succ.succ * ↑(![1, -1, 0] 2)) *
                                                              Real.cos (q (Fin.succ 2).succ * ↑(![1, 1, -1, 0] 2)) *
                                                            Real.sin (q (Fin.succ 2) * ↑(![1, 1, 1, -1, 0] 2)) *
                                                          Real.sin (q 2 * ↑(![0, 1, 1, 1, -1, 0] 2)) *
                                                        (-20601 / 3200000) +
                                                    Real.sin (q 1) * Real.cos (q 2 * ↑(![0, -1, -1, 1, 1, 0] 2)) *
                                                            Real.cos (q (Fin.succ 2) * ↑(![-1, -1, 1, 1, 0] 2)) *
                                                          Real.cos (q (Fin.succ 2).succ * ↑(![-1, 1, 1, 0] 2)) *
                                                        Real.sin (q (Fin.succ 2).succ.succ * ↑(![1, 1, 0] 2)) *
                                                      (-20601 / 3200000) +
                                                  Real.sin (q 1) * Real.cos (q 2 * ↑(![0, -1, -1, 1, 1, 0] 2)) *
                                                          Real.cos (q (Fin.succ 2) * ↑(![-1, -1, 1, 1, 0] 2)) *
                                                        Real.cos (q (Fin.succ 2).succ.succ * ↑(![1, 1, 0] 2)) *
                                                      Real.sin (q (Fin.succ 2).succ * ↑(![-1, 1, 1, 0] 2)) *
                                                    (-20601 / 3200000) +
                                                Real.sin (q 1) * Real.cos (q 2 * ↑(![0, -1, -1, 1, 1, 0] 2)) *
                                                        Real.cos (q (Fin.succ 2).succ * ↑(![-1, 1, 1, 0] 2)) *
                                                      Real.cos (q (Fin.succ 2).succ.succ * ↑(![1, 1, 0] 2)) *
                                                    Real.sin (q (Fin.succ 2) * ↑(![-1, -1, 1, 1, 0] 2)) *
                                                  (-20601 / 3200000) +
                                              Real.sin (q 1) * Real.cos (q 2 * ↑(![0, -1, -1, 1, 1, 0] 2)) *
                                                      Real.sin (q (Fin.succ 2).succ * ↑(![-1, 1, 1, 0] 2)) *
                                                    Real.sin (q (Fin.succ 2).succ.succ * ↑(![1, 1, 0] 2)) *
                                                  Real.sin (q (Fin.succ 2) * ↑(![-1, -1, 1, 1, 0] 2)) *
                                                (20601 / 3200000) +
                                            Real.sin (q 1) * Real.cos (q (Fin.succ 2) * ↑(![-1, -1, 1, 1, 0] 2)) *
                                                    Real.cos (q (Fin.succ 2).succ * ↑(![-1, 1, 1, 0] 2)) *
                                                  Real.cos (q (Fin.succ 2).succ.succ * ↑(![1, 1, 0] 2)) *
                                                Real.sin (q 2 * ↑(![0, -1, -1, 1, 1, 0] 2)) *
                                              (-20601 / 3200000) +
                                          Real.sin (q 1) * Real.cos (q (Fin.succ 2) * ↑(![-1, -1, 1, 1, 0] 2)) *
                                                  Real.sin (q (Fin.succ 2).succ * ↑(![-1, 1, 1, 0] 2)) *
                                                Real.sin (q (Fin.succ 2).succ.succ * ↑(![1, 1, 0] 2)) *
                                              Real.sin (q 2 * ↑(![0, -1, -1, 1, 1, 0] 2)) *
                                            (20601 / 3200000) +
                                        Real.sin (q 1) * Real.cos (q (Fin.succ 2).succ * ↑(![-1, 1, 1, 0] 2)) *
                                                Real.sin (q (Fin.succ 2).succ.succ * ↑(![1, 1, 0] 2)) *
                                              Real.sin (q (Fin.succ 2) * ↑(![-1, -1, 1, 1, 0] 2)) *
                                            Real.sin (q 2 * ↑(![0, -1, -1, 1, 1, 0] 2)) *
                                          (20601 / 3200000) +
                                      Real.sin (q 1) * Real.cos (q (Fin.succ 2).succ.succ * ↑(![1, 1, 0] 2)) *
                                              Real.sin (q (Fin.succ 2).succ * ↑(![-1, 1, 1, 0] 2)) *
                                            Real.sin (q (Fin.succ 2) * ↑(![-1, -1, 1, 1, 0] 2)) *
                                          Real.sin (q 2 * ↑(![0, -1, -1, 1, 1, 0] 2)) *
                                        (20601 / 3200000) +
                                    Real.sin (q 1) * Real.cos (q (Fin.succ 2).succ.succ * ↑(![1, 1, 0] 2)) *
                                            Real.cos (q 2 * ↑(![0, 1, 1, 1, 1, 0] 2)) *
                                          Real.cos (q (Fin.succ 2) * ↑(![1, 1, 1, 1, 0] 2)) *
                                        Real.sin (q (Fin.succ 2).succ * ↑(![1, 1, 1, 0] 2)) *
                                      (-20601 / 3200000) +
                                  Real.sin (q 1) * Real.cos (q (Fin.succ 2).succ.succ * ↑(![1, 1, 0] 2)) *
                                          Real.cos (q 2 * ↑(![0, 1, 1, 1, 1, 0] 2)) *
                                        Real.cos (q (Fin.succ 2).succ * ↑(![1, 1, 1, 0] 2)) *
                                      Real.sin (q (Fin.succ 2) * ↑(![1, 1, 1, 1, 0] 2)) *
                                    (-20601 / 3200000) +
                                Real.sin (q 1) * Real.cos (q (Fin.succ 2).succ.succ * ↑(![1, 1, 0] 2)) *
                                        Real.cos (q (Fin.succ 2) * ↑(![1, 1, 1, 1, 0] 2)) *
                                      Real.cos (q (Fin.succ 2).succ * ↑(![1, 1, 1, 0] 2)) *
                                    Real.sin (q 2 * ↑(![0, 1, 1, 1, 1, 0] 2)) *
                                  (-20601 / 3200000) +
                              Real.sin (q 1) * Real.cos (q (Fin.succ 2).succ.succ * ↑(![1, 1, 0] 2)) *
                                      Real.sin (q (Fin.succ 2).succ * ↑(![1, 1, 1, 0] 2)) *
                                    Real.sin (q (Fin.succ 2) * ↑(![1, 1, 1, 1, 0] 2)) *
                                  Real.sin (q 2 * ↑(![0, 1, 1, 1, 1, 0] 2)) *
                                (20601 / 3200000) +
                            Real.sin (q 1) * Real.sin (q (Fin.succ 2).succ.succ * ↑(![1, 1, 0] 2)) *
                                    Real.cos (q 2 * ↑(![0, 1, 1, 1, 1, 0] 2)) *
                                  Real.cos (q (Fin.succ 2) * ↑(![1, 1, 1, 1, 0] 2)) *
                                Real.cos (q (Fin.succ 2).succ * ↑(![1, 1, 1, 0] 2)) *
                              (-20601 / 3200000) +
                          Real.sin (q 1) * Real.sin (q (Fin.succ 2).succ.succ * ↑(![1, 1, 0] 2)) *
                                  Real.cos (q 2 * ↑(![0, 1, 1, 1, 1, 0] 2)) *
                                Real.sin (q (Fin.succ 2).succ * ↑(![1, 1, 1, 0] 2)) *
                              Real.sin (q (Fin.succ 2) * ↑(![1, 1, 1, 1, 0] 2)) *
                            (20601 / 3200000) +
                        Real.sin (q 1) * Real.sin (q (Fin.succ 2).succ.succ * ↑(![1, 1, 0] 2)) *
                                Real.cos (q (Fin.succ 2) * ↑(![1, 1, 1, 1, 0] 2)) *
                              Real.sin (q (Fin.succ 2).succ * ↑(![1, 1, 1, 0] 2)) *
                            Real.sin (q 2 * ↑(![0, 1, 1, 1, 1, 0] 2)) *
                          (20601 / 3200000) +
                      Real.sin (q 1) * Real.sin (q (Fin.succ 2).succ.succ * ↑(![1, 1, 0] 2)) *
                              Real.cos (q (Fin.succ 2).succ * ↑(![1, 1, 1, 0] 2)) *
                            Real.sin (q (Fin.succ 2) * ↑(![1, 1, 1, 1, 0] 2)) *
                          Real.sin (q 2 * ↑(![0, 1, 1, 1, 1, 0] 2)) *
                        (20601 / 3200000) +
                    Real.cos (q (Fin.succ 2).succ.succ * ↑(![0, 0, 0] 2)) *
                            Real.cos (q (Fin.succ 2).succ * ↑(![0, 0, 0, 0] 2)) *
                          Real.cos (q 2 * ↑(![0, 0, 0, 0, 0, 0] 2)) *
                        Real.cos (q (Fin.succ 2) * ↑(![0, 0, 0, 0, 0] 2)) *
                      (10791 / 4000) +
                  Real.cos (q (Fin.succ 2).succ.succ * ↑(![0, 0, 0] 2)) *
                          Real.cos (q (Fin.succ 2).succ * ↑(![0, 0, 0, 0] 2)) *
                        Real.sin (q (Fin.succ 2) * ↑(![0, 0, 0, 0, 0] 2)) *
                      Real.sin (q 2 * ↑(![0, 0, 0, 0, 0, 0] 2)) *
                    (-10791 / 4000) +
                Real.cos (q (Fin.succ 2).succ.succ * ↑(![0, 0, 0] 2)) *
                        Real.sin (q (Fin.succ 2).succ * ↑(![0, 0, 0, 0] 2)) *
                      Real.cos (q 2 * ↑(![0, 0, 0, 0, 0, 0] 2)) *
                    Real.sin (q (Fin.succ 2) * ↑(![0, 0, 0, 0, 0] 2)) *
                  (-10791 / 4000) +
              Real.cos (q (Fin.succ 2).succ.succ * ↑(![0, 0, 0] 2)) *
                      Real.sin (q (Fin.succ 2).succ * ↑(![0, 0, 0, 0] 2)) *
                    Real.cos (q (Fin.succ 2) * ↑(![0, 0, 0, 0, 0] 2)) *
                  Real.sin (q 2 * ↑(![0, 0, 0, 0, 0, 0] 2)) *
                (-10791 / 4000) +
            Real.sin (q (Fin.succ 2).succ.succ * ↑(![0, 0, 0] 2)) *
                    Real.cos (q (Fin.succ 2).succ * ↑(![0, 0, 0, 0] 2)) *
                  Real.cos (q 2 * ↑(![0, 0, 0, 0, 0, 0] 2)) *
                Real.sin (q (Fin.succ 2) * ↑(![0, 0, 0, 0, 0] 2)) *
              (-10791 / 4000) +
          Real.sin (q (Fin.succ 2).succ.succ * ↑(![0, 0, 0] 2)) * Real.cos (q (Fin.succ 2).succ * ↑(![0, 0, 0, 0] 2)) *
                Real.cos (q (Fin.succ 2) * ↑(![0, 0, 0, 0, 0] 2)) *
              Real.sin (q 2 * ↑(![0, 0, 0, 0, 0, 0] 2)) *
            (-10791 / 4000) +
        Real.sin (q (Fin.succ 2).succ.succ * ↑(![0, 0, 0] 2)) * Real.sin (q (Fin.succ 2).succ * ↑(![0, 0, 0, 0] 2)) *
              Real.cos (q 2 * ↑(![0, 0, 0, 0, 0, 0] 2)) *
            Real.cos (q (Fin.succ 2) * ↑(![0, 0, 0, 0, 0] 2)) *
          (-10791 / 4000) +
      Real.sin (q (Fin.succ 2).succ.succ * ↑(![0, 0, 0] 2)) * Real.sin (q (Fin.succ 2).succ * ↑(![0, 0, 0, 0] 2)) *
            Real.sin (q (Fin.succ 2) * ↑(![0, 0, 0, 0, 0] 2)) *
          Real.sin (q 2 * ↑(![0, 0, 0, 0, 0, 0] 2)) *
        (10791 / 4000) =
    10791 / 4000 + Real.cos (q 1) * (762237 / 200000) + Real.cos (q 1) * Real.cos (q 2) * (242307 / 200000) +
              Real.cos (q 1) * Real.cos (q 2) * Real.cos (q 4) * (20601 / 400000) +
            Real.cos (q 1) * Real.sin (q 2) * Real.cos (q 3) * Real.sin (q 4) * (-20601 / 400000) +
          Real.sin (q 1) * Real.cos (q 2) * Real.cos (q 3) * Real.sin (q 4) * (-20601 / 400000) +
        Real.sin (q 1) * Real.sin (q 2) * (-242307 / 200000) +
      Real.sin (q 1) * Real.sin (q 2) * Real.cos (q 4) * (-20601 / 400000)
/mnt/c/Users/z5242/Desktop/重构版/工作流/examples/routeb_block_potential/BlockPotential.lean:20:35: error: This simp argument is unused:
  Real.cos_sub

Hint: Omit it from the simp argument list.
  [apply] simp only [factor, Real.cos_add, Real.sin_add, Real.sin_sub, Real.cos_neg, Real.sin_neg]

Note: This linter can be disabled with `set_option linter.unusedSimpArgs false`
/mnt/c/Users/z5242/Desktop/重构版/工作流/examples/routeb_block_potential/BlockPotential.lean:21:18: error: This simp argument is unused:
  Real.sin_sub

Hint: Omit it from the simp argument list.
  [apply] simp only [factor, Real.cos_add, Real.cos_sub, Real.sin_add, Real.cos_neg, Real.sin_neg]

Note: This linter can be disabled with `set_option linter.unusedSimpArgs false`
'RouteBBlockPotential.potential_factor' depends on axioms: [propext, sorryAx, Classical.choice, Quot.sound]
'RouteBBlockPotential.centered_block_identity' depends on axioms: [propext, sorryAx, Classical.choice, Quot.sound]
'RouteBBlockPotential.remote_pi_half_slice' depends on axioms: [propext, Classical.choice, Quot.sound]
