START_UTC=2026-09-06T00:11:17Z
Lean (version 4.33.1, x86_64-unknown-linux-gnu, commit 819816b2e0a3bf405af45ae5c7af2491d8f5bee6, Release)
LEAN_PATH=/mnt/c/Users/z5242/Desktop/重构版/工作流/examples/routeb_frame_slot_accessor_lean/output/run-hVIjPmm9:/mnt/c/Users/z5242/Desktop/重构版/工作流/examples/routeb_frame_prefix_index_lean/output/run-lVHyO9Lp:/mnt/c/Users/z5242/Desktop/重构版/工作流/examples/routeb_frame_origin_axis_lean/output/run-H0sN55iL:/mnt/c/Users/z5242/Desktop/重构版/工作流/examples/routeb_real_dh_step_lean/output/run-nAZVlwhR:/mnt/c/Users/z5242/Desktop/重构版/工作流/examples/routeb_b45_frame_recursion/output/run-k87wlFSd:/home/z5242/sos_lean/.lake/packages/LeanSearchClient/.lake/build/lib/lean:/home/z5242/sos_lean/.lake/packages/Qq/.lake/build/lib/lean:/home/z5242/sos_lean/.lake/packages/aesop/.lake/build/lib/lean:/home/z5242/sos_lean/.lake/packages/batteries/.lake/build/lib/lean:/home/z5242/sos_lean/.lake/packages/importGraph/.lake/build/lib/lean:/home/z5242/sos_lean/.lake/packages/mathlib/.lake/build/lib/lean:/home/z5242/sos_lean/.lake/packages/plausible/.lake/build/lib/lean:/home/z5242/sos_lean/.lake/packages/proofwidgets/.lake/build/lib/lean
SOURCE_SNAPSHOT_COMPLETE=true
/mnt/c/Users/z5242/Desktop/重构版/工作流/examples/routeb_frame_slot_accessor_lean/output/run-hVIjPmm9/FrameSlotAccessor.lean:30:16: error(lean.invalidField): Invalid field `get?`: The environment does not contain `List.get?`, so it is not possible to project the field `get?` from an expression
  prefix6 s
of type
  List RouteBFramePrefixIndex.RealFrame
/mnt/c/Users/z5242/Desktop/重构版/工作流/examples/routeb_frame_slot_accessor_lean/output/run-hVIjPmm9/FrameSlotAccessor.lean:40:27: error(lean.invalidField): Invalid field `get?`: The environment does not contain `List.get?`, so it is not possible to project the field `get?` from an expression
  routeBSourceFrames q
of type
  List RouteBFrameOriginAxis.RealFrame
/mnt/c/Users/z5242/Desktop/重构版/工作流/examples/routeb_frame_slot_accessor_lean/output/run-hVIjPmm9/FrameSlotAccessor.lean:45:28: error(lean.invalidField): Invalid field `get?`: The environment does not contain `List.get?`, so it is not possible to project the field `get?` from an expression
  routeBSourceOrigins q
of type `List Vec3`
/mnt/c/Users/z5242/Desktop/重构版/工作流/examples/routeb_frame_slot_accessor_lean/output/run-hVIjPmm9/FrameSlotAccessor.lean:53:25: error(lean.invalidField): Invalid field `get?`: The environment does not contain `List.get?`, so it is not possible to project the field `get?` from an expression
  routeBSourceAxes q
of type `List Vec3`
'RouteBFrameSlotAccessor.prefixFrame_slot' depends on axioms: [propext, sorryAx, Classical.choice, Quot.sound]
'RouteBFrameSlotAccessor.routeB_source_frame_slot' depends on axioms: [propext, sorryAx, Classical.choice, Quot.sound]
'RouteBFrameSlotAccessor.routeB_source_origin_slot' depends on axioms: [propext, sorryAx, Classical.choice, Quot.sound]
'RouteBFrameSlotAccessor.routeB_source_axis_slot' depends on axioms: [propext, sorryAx, Classical.choice, Quot.sound]
FrameSlotAccessor_COMPILE_EXIT_CODE=1
VERIFY_EXIT_CODE=1
