Run: /mnt/c/Users/z5242/Desktop/重构版/工作流/examples/routeb_rotational_dual/output/run-JNEk4oY4
Lean (version 4.33.1, x86_64-unknown-linux-gnu, commit 819816b2e0a3bf405af45ae5c7af2491d8f5bee6, Release)
47317801ec2bd36d94daf8a06bc10afe5fe23f649f2fabf23ec0ab0f9c561e28  /mnt/c/Users/z5242/Desktop/重构版/工作流/examples/routeb_rotational_dual/output/run-JNEk4oY4/RotationalDual.lean
ca9a49042c0f1dc8bc299970715bedaf482dbfaad6f66edf6099315eacc9278b  /mnt/c/Users/z5242/Desktop/重构版/工作流/examples/routeb_rotational_dual/verify.sh
'RouteBRotationalDual.work_telescopes' depends on axioms: [propext, Classical.choice, Quot.sound]
'RouteBRotationalDual.dual_cost_explicit' depends on axioms: [propext, Classical.choice, Quot.sound]
'RouteBRotationalDual.fenchel_rotational' depends on axioms: [propext, Classical.choice, Quot.sound]
'RouteBRotationalDual.metric_upper' depends on axioms: [propext, Classical.choice, Quot.sound]
'RouteBRotationalDual.coercivity_from_dual' depends on axioms: [propext, Classical.choice, Quot.sound]
'RouteBRotationalDual.regularized_coercivity' depends on axioms: [propext, Classical.choice, Quot.sound]
'RouteBRotationalDual.force_balance_bound' depends on axioms: [propext, Classical.choice, Quot.sound]
'RouteBRotationalDual.dh_axes_mass_dual' depends on axioms: [propext, Classical.choice, Quot.sound]
'RouteBRotationalDual.exact_anisotropic_mass_lower' depends on axioms: [propext, Classical.choice, Quot.sound]
'RouteBRotationalDual.acceleration4_energy' depends on axioms: [propext, Classical.choice, Quot.sound]
'RouteBRotationalDual.acceleration5_energy' depends on axioms: [propext, Classical.choice, Quot.sound]
'RouteBRotationalDual.reference_mass_mismatch_cost' depends on axioms: [propext, Classical.choice, Quot.sound]
'RouteBRotationalDual.reference_mismatch_force_only' depends on axioms: [propext, Classical.choice, Quot.sound]
LEAN_COMPILE_EXIT_CODE=0
3f513bc6895b6b8279aafa01334fda1aefb040d282ad116fc8843bc293b95b08  /mnt/c/Users/z5242/Desktop/重构版/工作流/examples/routeb_rotational_dual/output/run-JNEk4oY4/RotationalDual.olean
VERIFY_EXIT_CODE=0
