START_UTC=2026-09-05T21:49:21Z
MATHLIB_COMMIT=0df444a360eaa60ab8c11dca51a86af692955474
Lean (version 4.33.1, x86_64-unknown-linux-gnu, commit 819816b2e0a3bf405af45ae5c7af2491d8f5bee6, Release)
LEAN_PATH=/mnt/c/Users/z5242/Desktop/重构版/工作流/examples/routeb_positive_supply_gate/output/run-IL9p8Cz4:/home/z5242/sos_lean/.lake/packages/LeanSearchClient/.lake/build/lib/lean:/home/z5242/sos_lean/.lake/packages/Qq/.lake/build/lib/lean:/home/z5242/sos_lean/.lake/packages/aesop/.lake/build/lib/lean:/home/z5242/sos_lean/.lake/packages/batteries/.lake/build/lib/lean:/home/z5242/sos_lean/.lake/packages/importGraph/.lake/build/lib/lean:/home/z5242/sos_lean/.lake/packages/mathlib/.lake/build/lib/lean:/home/z5242/sos_lean/.lake/packages/plausible/.lake/build/lib/lean:/home/z5242/sos_lean/.lake/packages/proofwidgets/.lake/build/lib/lean
PROSPECTIVE_SNAPSHOT_COMPLETE
EXACT_A1_POSITIVE_SUPPLY_AUDIT_PASS
COST_PLUS_VDOT=2386342385699110329785000649509191909464301133134499872925056247113924844981685325115257/641908105754787018071125247399173323886509889168806038907229258440000000000000000000000000000000000 DISPLAY=3.717576338895319e-12
A1_TERMINAL_FLOOR=190913514733716601510807399409170976619905924733040523544000000/10710391872310845470046091941456661709266356740671411220626522757475523 DISPLAY=1.782507279003281e-08
NO_FEASIBILITY_OR_J1_CLAIM
COMMAND=/home/z5242/.elan/toolchains/leanprover--lean4---v4.33.1/bin/lean -DwarningAsError=true --root=/mnt/c/Users/z5242/Desktop/重构版/工作流/examples/routeb_positive_supply_gate/output/run-IL9p8Cz4 -o /mnt/c/Users/z5242/Desktop/重构版/工作流/examples/routeb_positive_supply_gate/output/run-IL9p8Cz4/PositiveSupplyGate.olean /mnt/c/Users/z5242/Desktop/重构版/工作流/examples/routeb_positive_supply_gate/output/run-IL9p8Cz4/PositiveSupplyGate.lean
'RouteBPositiveSupplyGate.first_order_supply_lower_bound' depends on axioms: [propext, Classical.choice, Quot.sound]
'RouteBPositiveSupplyGate.zero_supply_requires_positive_first_order' depends on axioms: [propext,
 Classical.choice,
 Quot.sound]
'RouteBPositiveSupplyGate.finite_coefficient_budget' depends on axioms: [propext, Classical.choice, Quot.sound]
'RouteBPositiveSupplyGate.polynomialSupply_nonnegative' depends on axioms: [propext, Classical.choice, Quot.sound]
PositiveSupplyGate_COMPILE_EXIT_CODE=0
f5002568a092ffad7ed1c6a42fa4ec6ce4544bf9d4eb0001b59a73eca334d3f4  /mnt/c/Users/z5242/Desktop/重构版/工作流/examples/routeb_positive_supply_gate/output/run-IL9p8Cz4/PositiveSupplyGate.lean
c47591997657ca175c1377d65450df35cfbe7955d03173f92534fd6e3eb33627  /mnt/c/Users/z5242/Desktop/重构版/工作流/examples/routeb_positive_supply_gate/output/run-IL9p8Cz4/PositiveSupplyGate.olean
SNAPSHOT_HASHES_UNCHANGED=true
END_UTC=2026-09-05T21:49:24Z
VERIFY_EXIT_CODE=0
