START_UTC=2026-09-05T22:13:33Z
MATHLIB_COMMIT=0df444a360eaa60ab8c11dca51a86af692955474
Lean (version 4.33.1, x86_64-unknown-linux-gnu, commit 819816b2e0a3bf405af45ae5c7af2491d8f5bee6, Release)
LEAN_PATH=/mnt/c/Users/z5242/Desktop/重构版/工作流/examples/routeb_b45_fourier_normal_form/output/run-uBxNY9u1:/home/z5242/sos_lean/.lake/packages/LeanSearchClient/.lake/build/lib/lean:/home/z5242/sos_lean/.lake/packages/Qq/.lake/build/lib/lean:/home/z5242/sos_lean/.lake/packages/aesop/.lake/build/lib/lean:/home/z5242/sos_lean/.lake/packages/batteries/.lake/build/lib/lean:/home/z5242/sos_lean/.lake/packages/importGraph/.lake/build/lib/lean:/home/z5242/sos_lean/.lake/packages/mathlib/.lake/build/lib/lean:/home/z5242/sos_lean/.lake/packages/plausible/.lake/build/lib/lean:/home/z5242/sos_lean/.lake/packages/proofwidgets/.lake/build/lib/lean
PROSPECTIVE_SNAPSHOT_COMPLETE
/mnt/c/Users/z5242/Desktop/重构版/工作流/examples/routeb_b45_fourier_normal_form/output/run-uBxNY9u1/FourierNormalForm.lean:9:45: error(lean.unknownIdentifier): Unknown identifier `conj`
/mnt/c/Users/z5242/Desktop/重构版/工作流/examples/routeb_b45_fourier_normal_form/output/run-uBxNY9u1/FourierNormalForm.lean:9:4: error(lean.dependsOnNoncomputable): failed to compile definition, consider marking it as 'noncomputable' because it depends on 'Complex.instDivInvMonoid', which is 'noncomputable'
/mnt/c/Users/z5242/Desktop/重构版/工作流/examples/routeb_b45_fourier_normal_form/output/run-uBxNY9u1/FourierNormalForm.lean:12:40: error(lean.unknownIdentifier): Unknown identifier `conj`
/mnt/c/Users/z5242/Desktop/重构版/工作流/examples/routeb_b45_fourier_normal_form/output/run-uBxNY9u1/FourierNormalForm.lean:11:4: error(lean.dependsOnNoncomputable): failed to compile definition, consider marking it as 'noncomputable' because it depends on 'Complex.instDivInvMonoid', which is 'noncomputable'
/mnt/c/Users/z5242/Desktop/重构版/工作流/examples/routeb_b45_fourier_normal_form/output/run-uBxNY9u1/FourierNormalForm.lean:34:4: error(lean.dependsOnNoncomputable): failed to compile definition, consider marking it as 'noncomputable' because it depends on 'fourierCos', which is 'noncomputable'
/mnt/c/Users/z5242/Desktop/重构版/工作流/examples/routeb_b45_fourier_normal_form/output/run-uBxNY9u1/FourierNormalForm.lean:79:4: error(lean.dependsOnNoncomputable): failed to compile definition, consider marking it as 'noncomputable' because it depends on 'Complex.instDivInvMonoid', which is 'noncomputable'
/mnt/c/Users/z5242/Desktop/重构版/工作流/examples/routeb_b45_fourier_normal_form/output/run-uBxNY9u1/FourierNormalForm.lean:84:4: error(lean.dependsOnNoncomputable): failed to compile definition, consider marking it as 'noncomputable' because it depends on 'Complex.instDivInvMonoid', which is 'noncomputable'
/mnt/c/Users/z5242/Desktop/重构版/工作流/examples/routeb_b45_fourier_normal_form/output/run-uBxNY9u1/FourierNormalForm.lean:105:66: error: unsolved goals
⊢ (match 2 with
      | 0 => 2 / 25
      | 1 => 21 / 100
      | x => 0) =
      0 ∧
    (match 3 with
        | 0 => 2 / 25
        | 1 => 21 / 100
        | x => 0) =
        0 ∧
      (match 4 with
          | 0 => 2 / 25
          | 1 => 21 / 100
          | x => 0) =
          0 ∧
        (match 5 with
          | 0 => 2 / 25
          | 1 => 21 / 100
          | x => 0) =
          0
'RouteBB45Fourier.fourierDHStep_normal_form' depends on axioms: [propext, sorryAx, Classical.choice, Quot.sound]
'RouteBB45Fourier.routeB_exact_single_step_parameters' depends on axioms: [propext,
 sorryAx,
 Classical.choice,
 Quot.sound]
FourierNormalForm_COMPILE_EXIT_CODE=1
VERIFY_EXIT_CODE=1
