UTC: 2026-09-05T18:08:01Z
Run: /mnt/c/Users/z5242/Desktop/重构版/工作流/examples/routeb_block_potential/output/run-vkw6apqx
Lean (version 4.33.1, x86_64-unknown-linux-gnu, commit 819816b2e0a3bf405af45ae5c7af2491d8f5bee6, Release)
EXACT_FACTOR_AND_BLOCK_DERIVATIVES_MATCH_17_ROWS
c = 20601/400000 L = 48069/800000 mu = 351931/800000 mu/2 = 351931/1600000
negative witness upper = -18601/80000000
nonnegative shift = 424401201/140772400000 quadratic shift = 424401201/70386200000
CSV SHA256 = 4ebbb10e32639f54b18f259cbb762c04f2be842a856cae85e1fe94dad5478b6c
ba09ca57b7309d89d99148971e253a03d6e83f52f6a4d774017a490dde1e1cc9  /mnt/c/Users/z5242/Desktop/重构版/工作流/examples/routeb_block_potential/BlockPotential.lean
1cdd89e419bfbad89c2341814528f547f09932c980284d99f4e600d70bf657ae  /mnt/c/Users/z5242/Desktop/重构版/工作流/examples/routeb_block_potential/audit.py
63ae618f1993696d18bdbd1966e187eab645af9f5a559a8d2afd4ed9415d2473  /mnt/c/Users/z5242/Desktop/重构版/工作流/examples/routeb_block_potential/audit_results.json
dae7defe28f83ec9107078ddc94f243123ede8787358d40d74ddc783b47a39b2  /mnt/c/Users/z5242/Desktop/重构版/工作流/examples/routeb_block_potential/../routeb_potential_slice/output/run-SuGxG04V/PotentialSlice.olean
194552363c4a553af85ac267c70c63e3cd512cfe4cf8819ddd70eb778f7f675b  /mnt/c/Users/z5242/Desktop/重构版/工作流/examples/routeb_block_potential/../routeb_dh_power_binding/output/tube-RWfVZNvn/StorageObstruction.olean
/mnt/c/Users/z5242/Desktop/重构版/工作流/examples/routeb_block_potential/BlockPotential.lean:19:2: error: Tactic `simp` failed with a nested error:
maximum recursion depth has been reached
use `set_option maxRecDepth <num>` to increase limit
use `set_option diagnostics true` to get diagnostic information
/mnt/c/Users/z5242/Desktop/重构版/工作流/examples/routeb_block_potential/BlockPotential.lean:39:2: error: No goals to be solved
'RouteBBlockPotential.potential_factor' depends on axioms: [propext, sorryAx, Classical.choice, Quot.sound]
'RouteBBlockPotential.centered_block_identity' depends on axioms: [propext, sorryAx, Classical.choice, Quot.sound]
'RouteBBlockPotential.remote_pi_half_slice' depends on axioms: [propext, Classical.choice, Quot.sound]
LEAN_COMPILE_EXIT_CODE=1
