START_UTC=2026-09-05T21:14:43Z
MATHLIB_COMMIT=0df444a360eaa60ab8c11dca51a86af692955474
Lean (version 4.33.1, x86_64-unknown-linux-gnu, commit 819816b2e0a3bf405af45ae5c7af2491d8f5bee6, Release)
LEAN_PATH=/mnt/c/Users/z5242/Desktop/重构版/工作流/examples/routeb_actual_storage_derivative/output/run-Q79IaqV8:/mnt/c/Users/z5242/Desktop/重构版/工作流/examples/routeb_actual_storage_derivative/output/run-Q79IaqV8/upstream:/mnt/c/Users/z5242/Desktop/重构版/工作流/examples/routeb_actual_storage_derivative/output/run-Q79IaqV8/upstream/cache:/home/z5242/sos_lean/.lake/packages/LeanSearchClient/.lake/build/lib/lean:/home/z5242/sos_lean/.lake/packages/Qq/.lake/build/lib/lean:/home/z5242/sos_lean/.lake/packages/aesop/.lake/build/lib/lean:/home/z5242/sos_lean/.lake/packages/batteries/.lake/build/lib/lean:/home/z5242/sos_lean/.lake/packages/importGraph/.lake/build/lib/lean:/home/z5242/sos_lean/.lake/packages/mathlib/.lake/build/lib/lean:/home/z5242/sos_lean/.lake/packages/plausible/.lake/build/lib/lean:/home/z5242/sos_lean/.lake/packages/proofwidgets/.lake/build/lib/lean
PRE_RUN_SNAPSHOTS_COMPLETE
COMMAND=/home/z5242/.elan/toolchains/leanprover--lean4---v4.33.1/bin/lean -DwarningAsError=true --root=/mnt/c/Users/z5242/Desktop/重构版/工作流/examples/routeb_actual_storage_derivative/output/run-Q79IaqV8 -o /mnt/c/Users/z5242/Desktop/重构版/工作流/examples/routeb_actual_storage_derivative/output/run-Q79IaqV8/ActualStorageDerivative.olean /mnt/c/Users/z5242/Desktop/重构版/工作流/examples/routeb_actual_storage_derivative/output/run-Q79IaqV8/ActualStorageDerivative.lean
/mnt/c/Users/z5242/Desktop/重构版/工作流/examples/routeb_actual_storage_derivative/output/run-Q79IaqV8/ActualStorageDerivative.lean:119:2: error: `simp` made no progress
/mnt/c/Users/z5242/Desktop/重构版/工作流/examples/routeb_actual_storage_derivative/output/run-Q79IaqV8/ActualStorageDerivative.lean:144:2: error: Type mismatch: After simplification, term
  hvv
 has type
  @HasDerivAt ℝ DenselyNormedField.toNontriviallyNormedField ℝ Real.normedAddCommGroup.toAddCommGroup
    RCLike.toInnerProductSpaceReal.toModule PseudoMetricSpace.toUniformSpace.toTopologicalSpace ⋯
    (((f * fun s => W0 H0 (M (q s)) (U (q s)) Uzero (q s) (v s)) + fun s => ∑ i, p s i * q s i ^ 2) + h * c ^ 2)
    (fd * W0 H0 (M (q t)) (U (q t)) Uzero (q t) (v t) + f t * W0rate K D G (q t) (v t) source.eta w +
        ∑ i, (pd i * q t i ^ 2 + 2 * p t i * q t i * v t i) +
      hd * (c ^ 2) t)
    t
but is expected to have type
  @HasDerivAt ℝ DenselyNormedField.toNontriviallyNormedField ℝ Real.instAddCommGroup Semiring.toModule
    PseudoMetricSpace.toUniformSpace.toTopologicalSpace ⋯
    (fun s => f s * W0 H0 (M (q s)) (U (q s)) Uzero (q s) (v s) + ∑ i, p s i * q s i ^ 2 + h s * c s ^ 2)
    (fd * W0 H0 (M (q t)) (U (q t)) Uzero (q t) (v t) + f t * W0rate K D G (q t) (v t) source.eta w +
        ∑ i, (pd i * q t i ^ 2 + 2 * p t i * q t i * v t i) +
      hd * c t ^ 2)
    t
'RouteBActualStorageDerivative.delta_cancellation' depends on axioms: [propext, Classical.choice, Quot.sound]
'RouteBActualStorageDerivative.nominal_power' depends on axioms: [propext, Classical.choice, Quot.sound]
'RouteBActualStorageDerivative.hasDerivAt_W0_of_signedGap' depends on axioms: [propext, Classical.choice, Quot.sound]
'RouteBActualStorageDerivative.hasDerivAt_W0_from_source' depends on axioms: [propext, Classical.choice, Quot.sound]
'RouteBActualStorageDerivative.hasDerivAt_position_sum' depends on axioms: [propext,
 sorryAx,
 Classical.choice,
 Quot.sound]
'RouteBActualStorageDerivative.hasDerivAt_storageV_from_source' depends on axioms: [propext,
 sorryAx,
 Classical.choice,
 Quot.sound]
ActualStorageDerivative_COMPILE_EXIT_CODE=1
VERIFY_EXIT_CODE=1
