LEAN_TOOLCHAIN_COMMIT=819816b2e0a3bf405af45ae5c7af2491d8f5bee6
MATHLIB_COMMIT=0df444a360eaa60ab8c11dca51a86af692955474
Lean (version 4.33.1, x86_64-unknown-linux-gnu, commit 819816b2e0a3bf405af45ae5c7af2491d8f5bee6, Release)
/mnt/c/Users/z5242/Desktop/重构版/工作流/examples/routeb_positive_supply_frontier_lean/output/run-p6qY5KvR/Frontier.lean:71:5: error: Variable name `hrho` is not explicitly referenced.

Hint: The binding can be removed (if unused) or named `_` (if used implicitly). Alternatively, prefix the name with `_` to silence this warning:
  [apply] _hrho

Note: This linter can be disabled with `set_option linter.unusedVariables false`
'RouteBPositiveSupplyFrontier.terminalDen_pos_of_eta_zero' depends on axioms: [propext, Classical.choice, Quot.sound]
'RouteBPositiveSupplyFrontier.terminalDen_pos_of_relative_eta' depends on axioms: [propext,
 Classical.choice,
 Quot.sound]
'RouteBPositiveSupplyFrontier.terminalDen_nonpos_at_threshold' depends on axioms: [propext,
 Classical.choice,
 Quot.sound]
'RouteBPositiveSupplyFrontier.b45_terminalDen_pos_of_relative_eta' depends on axioms: [propext,
 Classical.choice,
 Quot.sound]
'RouteBPositiveSupplyFrontier.equilibrium_floor_le_beta0' depends on axioms: [propext, Classical.choice, Quot.sound]
'RouteBPositiveSupplyFrontier.equilibrium_floor_budget' depends on axioms: [propext, Classical.choice, Quot.sound]
VERIFY_EXIT_CODE=1
