Try this:
  [apply] ring_nf
  
  The `ring` tactic failed to close the goal. Use `ring_nf` to obtain a normal form.
    
  Note that `ring` works primarily in *commutative* rings. If you have a noncommutative ring, abelian group or module, consider using `noncomm_ring`, `abel` or `module` instead.
/mnt/c/Users/z5242/Desktop/重构版/工作流/examples/routeb_block_potential/BlockPotential.lean:16:51: error: unsolved goals
q : Fin 6 → ℝ
⊢ 10791 / 4000 + Real.cos (q 1) * (762237 / 200000) + Real.cos (q 1) * Real.cos (q 2) * (242307 / 200000) +
              Real.cos (q 1) * Real.cos (q 2) * Real.cos (q (Fin.succ 2).succ) * (20601 / 400000) +
            Real.cos (q 1) * Real.cos (q (Fin.succ 2)) * Real.sin (q (Fin.succ 2).succ) * Real.sin (q 2) *
              (-20601 / 400000) +
          Real.cos (q 2) * Real.cos (q (Fin.succ 2)) * Real.sin (q (Fin.succ 2).succ) * Real.sin (q 1) *
            (-20601 / 400000) +
        Real.cos (q (Fin.succ 2).succ) * Real.sin (q 2) * Real.sin (q 1) * (-20601 / 400000) +
      Real.sin (q 2) * Real.sin (q 1) * (-242307 / 200000) =
    10791 / 4000 + Real.cos (q 1) * (762237 / 200000) + Real.cos (q 1) * Real.cos (q 2) * (242307 / 200000) +
              Real.cos (q 1) * Real.cos (q 2) * Real.cos (q 4) * (20601 / 400000) +
            Real.cos (q 1) * Real.sin (q 2) * Real.cos (q 3) * Real.sin (q 4) * (-20601 / 400000) +
          Real.cos (q 2) * Real.sin (q 1) * Real.cos (q 3) * Real.sin (q 4) * (-20601 / 400000) +
        Real.sin (q 2) * Real.sin (q 1) * (-242307 / 200000) +
      Real.sin (q 2) * Real.sin (q 1) * Real.cos (q 4) * (-20601 / 400000)
'RouteBBlockPotential.potential_factor' depends on axioms: [propext, sorryAx, Classical.choice, Quot.sound]
'RouteBBlockPotential.centered_block_identity' depends on axioms: [propext, sorryAx, Classical.choice, Quot.sound]
'RouteBBlockPotential.remote_pi_half_slice' depends on axioms: [propext, Classical.choice, Quot.sound]
