UTC: 2026-09-05T18:10:04Z
Run: /mnt/c/Users/z5242/Desktop/重构版/工作流/examples/routeb_port_absorption/output/run-w5aD94YY
Lean (version 4.33.1, x86_64-unknown-linux-gnu, commit 819816b2e0a3bf405af45ae5c7af2491d8f5bee6, Release)
MATHLIB_COMMIT=0df444a360eaa60ab8c11dca51a86af692955474
11f10053f82dafcddc01587541da67a76ad2277a4bc54c9c72e257ce01d3564d  /mnt/c/Users/z5242/Desktop/重构版/工作流/examples/routeb_port_absorption/PortAbsorption.lean
dc3dbf06e74c2c41ae1acc1e344d83ad41a315c19a427911805dcc85cdce649a  /mnt/c/Users/z5242/Desktop/重构版/工作流/examples/routeb_port_absorption/verify.sh
dae80fbdbb6439761a0ad1b7c081fc5a61ca1cdd7e2f70e23df31d9756637f26  /home/z5242/sos_lean/lake-manifest.json
/mnt/c/Users/z5242/Desktop/重构版/工作流/examples/routeb_port_absorption/output/run-w5aD94YY/PortAbsorption.lean:45:4: error: Used `tac1 <;> tac2` where `(tac1; tac2)` would suffice

Note: This linter can be disabled with `set_option linter.unnecessarySeqFocus false`
'RouteBPortAbsorption.sqNorm_nonneg' depends on axioms: [propext, Classical.choice, Quot.sound]
'RouteBPortAbsorption.quadratic_completion' depends on axioms: [propext, Classical.choice, Quot.sound]
'RouteBPortAbsorption.quadratic_lower_bound' depends on axioms: [propext, Classical.choice, Quot.sound]
'RouteBPortAbsorption.quadratic_minimizer' depends on axioms: [propext, Classical.choice, Quot.sound]
'RouteBPortAbsorption.port_completion' depends on axioms: [propext, Classical.choice, Quot.sound]
'RouteBPortAbsorption.fixed_nu_certificate_iff' depends on axioms: [propext, Classical.choice, Quot.sound]
'RouteBPortAbsorption.conditional_absorption_bound' depends on axioms: [propext, Classical.choice, Quot.sound]
'RouteBPortAbsorption.conditional_absorption' depends on axioms: [propext, Classical.choice, Quot.sound]
'RouteBPortAbsorption.conditional_absorption_nu1_sres5' depends on axioms: [propext, Classical.choice, Quot.sound]
LEAN_COMPILE_EXIT_CODE=1
VERIFY_EXIT_CODE=1
