START_UTC=2026-09-05T22:49:58Z
MATHLIB_COMMIT=0df444a360eaa60ab8c11dca51a86af692955474
Lean (version 4.33.1, x86_64-unknown-linux-gnu, commit 819816b2e0a3bf405af45ae5c7af2491d8f5bee6, Release)
LEAN_PATH=/mnt/c/Users/z5242/Desktop/重构版/工作流/examples/routeb_fourier_gradient_lean/output/run-Fe23AlAu:/home/z5242/sos_lean/.lake/packages/LeanSearchClient/.lake/build/lib/lean:/home/z5242/sos_lean/.lake/packages/Qq/.lake/build/lib/lean:/home/z5242/sos_lean/.lake/packages/aesop/.lake/build/lib/lean:/home/z5242/sos_lean/.lake/packages/batteries/.lake/build/lib/lean:/home/z5242/sos_lean/.lake/packages/importGraph/.lake/build/lib/lean:/home/z5242/sos_lean/.lake/packages/mathlib/.lake/build/lib/lean:/home/z5242/sos_lean/.lake/packages/plausible/.lake/build/lib/lean:/home/z5242/sos_lean/.lake/packages/proofwidgets/.lake/build/lib/lean
SNAPSHOT_COMPLETE=true
/mnt/c/Users/z5242/Desktop/重构版/工作流/examples/routeb_fourier_gradient_lean/output/run-Fe23AlAu/FourierGradient.lean:46:6: error: Type mismatch: After simplification, term
  HasDerivAt.const_mul (↑(frequency row j)) (hasDerivAt_id (q j))
 has type
  HasDerivAt (fun y => ↑(frequency row j) * y) (↑(frequency row j)) (q j)
but is expected to have type
  HasDerivAt (?m.21 j) (?m.22 j) ?m.17
/mnt/c/Users/z5242/Desktop/重构版/工作流/examples/routeb_fourier_gradient_lean/output/run-Fe23AlAu/FourierGradient.lean:53:4: error: `simp` made no progress
/mnt/c/Users/z5242/Desktop/重构版/工作流/examples/routeb_fourier_gradient_lean/output/run-Fe23AlAu/FourierGradient.lean:42:37: error: unsolved goals
case e'_8
r n : ℕ
frequency : Fin r → Fin n → ℤ
row : Fin r
q : Vec n
j : Fin n
h : HasDerivAt (fun y => ∑ i, ↑(frequency row i) * q i) (∑ i, 0) (q j)
⊢ phaseLine frequency row q j = fun y => ∑ i, ↑(frequency row i) * q i

case e'_9
r n : ℕ
frequency : Fin r → Fin n → ℤ
row : Fin r
q : Vec n
j : Fin n
h : HasDerivAt (fun y => ∑ i, ↑(frequency row i) * q i) (∑ i, 0) (q j)
⊢ ↑(frequency row j) = ∑ i, 0
/mnt/c/Users/z5242/Desktop/重构版/工作流/examples/routeb_fourier_gradient_lean/output/run-Fe23AlAu/FourierGradient.lean:69:8: error: Tactic `rewrite` failed: Did not find an occurrence of the pattern
  phaseLine ?frequency ?row ?q ?j (?q ?j)
in the target expression
  Real.instAddCommGroup = Real.normedCommRing.toAddCommGroup

case e'_4
r n : ℕ
coefficient : Fin r → ℝ
frequency : Fin r → Fin n → ℤ
row : Fin r
q : Vec n
j : Fin n
hphase : HasDerivAt (phaseLine frequency row q j) (↑(frequency row j)) (q j)
hrow :
  HasDerivAt (fun x => Real.cos (phaseLine frequency row q j x))
    (-Real.sin (phaseLine frequency row q j (q j)) * ↑(frequency row j)) (q j)
hconst :
  HasDerivAt (fun y => coefficient row * Real.cos (phaseLine frequency row q j y))
    (coefficient row * (-Real.sin (phaseLine frequency row q j (q j)) * ↑(frequency row j))) (q j)
⊢ Real.instAddCommGroup = Real.normedCommRing.toAddCommGroup
/mnt/c/Users/z5242/Desktop/重构版/工作流/examples/routeb_fourier_gradient_lean/output/run-Fe23AlAu/FourierGradient.lean:70:4: error: `ring_nf` made no progress on the goal
/mnt/c/Users/z5242/Desktop/重构版/工作流/examples/routeb_fourier_gradient_lean/output/run-Fe23AlAu/FourierGradient.lean:64:51: error: unsolved goals
case e'_9
r n : ℕ
coefficient : Fin r → ℝ
frequency : Fin r → Fin n → ℤ
row : Fin r
q : Vec n
j : Fin n
hphase : HasDerivAt (phaseLine frequency row q j) (↑(frequency row j)) (q j)
hrow :
  HasDerivAt (fun x => Real.cos (phaseLine frequency row q j x))
    (-Real.sin (phaseLine frequency row q j (q j)) * ↑(frequency row j)) (q j)
hconst :
  HasDerivAt (fun y => coefficient row * Real.cos (phaseLine frequency row q j y))
    (coefficient row * (-Real.sin (phaseLine frequency row q j (q j)) * ↑(frequency row j))) (q j)
⊢ -coefficient row * ↑(frequency row j) * Real.sin (phase frequency row q) =
    coefficient row * (-Real.sin (phaseLine frequency row q j (q j)) * ↑(frequency row j))
/mnt/c/Users/z5242/Desktop/重构版/工作流/examples/routeb_fourier_gradient_lean/output/run-Fe23AlAu/FourierGradient.lean:84:4: error: `simp` made no progress
/mnt/c/Users/z5242/Desktop/重构版/工作流/examples/routeb_fourier_gradient_lean/output/run-Fe23AlAu/FourierGradient.lean:79:59: error: unsolved goals
case e'_8
r n : ℕ
coefficient : Fin r → ℝ
frequency : Fin r → Fin n → ℤ
q : Vec n
j : Fin n
h :
  HasDerivAt (fun y => ∑ i, coefficient i * Real.cos (phaseLine frequency i q j y))
    (∑ i, -coefficient i * ↑(frequency i j) * Real.sin (phase frequency i q)) (q j)
⊢ (fun t => fourierPotential coefficient frequency (Function.update q j t)) = fun y =>
    ∑ i, coefficient i * Real.cos (phaseLine frequency i q j y)

case e'_9
r n : ℕ
coefficient : Fin r → ℝ
frequency : Fin r → Fin n → ℤ
q : Vec n
j : Fin n
h :
  HasDerivAt (fun y => ∑ i, coefficient i * Real.cos (phaseLine frequency i q j y))
    (∑ i, -coefficient i * ↑(frequency i j) * Real.sin (phase frequency i q)) (q j)
⊢ fourierGradient coefficient frequency q j = ∑ i, -coefficient i * ↑(frequency i j) * Real.sin (phase frequency i q)
'RouteBFourierGradient.phaseLine_at' depends on axioms: [propext, Classical.choice, Quot.sound]
'RouteBFourierGradient.hasDerivAt_phaseLine' depends on axioms: [propext, sorryAx, Classical.choice, Quot.sound]
'RouteBFourierGradient.hasDerivAt_fourier_row' depends on axioms: [propext, sorryAx, Classical.choice, Quot.sound]
'RouteBFourierGradient.hasDerivAt_fourierPotential_coordinate' depends on axioms: [propext,
 sorryAx,
 Classical.choice,
 Quot.sound]
'RouteBFourierGradient.deployed_gradient_of_functional_identity' depends on axioms: [propext,
 sorryAx,
 Classical.choice,
 Quot.sound]
FourierGradient_COMPILE_EXIT_CODE=1
VERIFY_EXIT_CODE=1
