UTC: 2026-09-05T17:09:05Z
Run: /mnt/c/Users/z5242/Desktop/重构版/工作流/examples/routeb_residual_power/output/run-cwI9TzoS
Lean (version 4.33.1, x86_64-unknown-linux-gnu, commit 819816b2e0a3bf405af45ae5c7af2491d8f5bee6, Release)
646c1052c10c1d8606342010c4303c0c25e40e008664ce7f1c1b1649c51f6971  /mnt/c/Users/z5242/Desktop/重构版/工作流/examples/routeb_residual_power/../routeb_supply_core/RouteBSupplyCore.lean
c5bfe6b9ca65e69b660633346f8ebe8cea443bc30b55878a24f00d1914a6e27a  /mnt/c/Users/z5242/Desktop/重构版/工作流/examples/routeb_residual_power/ResidualPower.lean
5a46af8b0f05f8e84789719a7b2298e998d4a61751062d33d84eece0b6dbbeec  /mnt/c/Users/z5242/Desktop/重构版/工作流/examples/routeb_residual_power/verify.sh
dae80fbdbb6439761a0ad1b7c081fc5a61ca1cdd7e2f70e23df31d9756637f26  /home/z5242/sos_lean/lake-manifest.json
'RouteBSupplyCore.damping_pos' depends on axioms: [propext, Classical.choice, Quot.sound]
'RouteBSupplyCore.centerRate_exact' depends on axioms: [propext, Classical.choice, Quot.sound]
'RouteBSupplyCore.gamma_exact' depends on axioms: [propext, Classical.choice, Quot.sound]
'RouteBSupplyCore.gamma_pos' depends on axioms: [propext, Classical.choice, Quot.sound]
'RouteBSupplyCore.gamma_lt_one' depends on axioms: [propext, Classical.choice, Quot.sound]
'RouteBSupplyCore.unitMargin_exact' depends on axioms: [propext, Classical.choice, Quot.sound]
'RouteBSupplyCore.unitMargin_pos' depends on axioms: [propext, Classical.choice, Quot.sound]
'RouteBSupplyCore.completion_six' depends on axioms: [propext, Classical.choice, Quot.sound]
'RouteBSupplyCore.vector_completion_identity' depends on axioms: [propext, Classical.choice, Quot.sound]
'RouteBSupplyCore.completion_nonneg' depends on axioms: [propext, Classical.choice, Quot.sound]
'RouteBSupplyCore.pointwise_supply_bound' depends on axioms: [propext, Classical.choice, Quot.sound]
'RouteBSupplyCore.unit_supply_gap_identity' depends on axioms: [propext, Classical.choice, Quot.sound]
'RouteBSupplyCore.unit_supply_bound' depends on axioms: [propext, Classical.choice, Quot.sound]
'RouteBSupplyCore.supply_at_center' depends on axioms: [propext, Classical.choice, Quot.sound]
'RouteBSupplyCore.uniform_supply_coefficient_iff' depends on axioms: [propext, Classical.choice, Quot.sound]
'RouteBSupplyCore.power_bound_with_remainder' depends on axioms: [propext, Classical.choice, Quot.sound]
'RouteBSupplyCore.unit_supply_of_power_identity' depends on axioms: [propext, Classical.choice, Quot.sound]
'RouteBSupplyCore.unit_supply_of_margin_bound' depends on axioms: [propext, Classical.choice, Quot.sound]
/mnt/c/Users/z5242/Desktop/重构版/工作流/examples/routeb_residual_power/ResidualPower.lean:13:2: error: Used `tac1 <;> tac2` where `(tac1; tac2)` would suffice

Note: This linter can be disabled with `set_option linter.unnecessarySeqFocus false`
/mnt/c/Users/z5242/Desktop/重构版/工作流/examples/routeb_residual_power/ResidualPower.lean:70:4: error: Used `tac1 <;> tac2` where `(tac1; tac2)` would suffice

Note: This linter can be disabled with `set_option linter.unnecessarySeqFocus false`
Try this:
  [apply] ring_nf
  
  The `ring` tactic failed to close the goal. Use `ring_nf` to obtain a normal form.
    
  Note that `ring` works primarily in *commutative* rings. If you have a noncommutative ring, abelian group or module, consider using `noncomm_ring`, `abel` or `module` instead.
/mnt/c/Users/z5242/Desktop/重构版/工作流/examples/routeb_residual_power/ResidualPower.lean:88:76: error: unsolved goals
v e : Fin 6 → ℝ
w : ℝ
h :
  RouteBSupplyCore.supply v w + ∑ i, e i * v i ≤
    budget RouteBSupplyCore.damping fun i => RouteBSupplyCore.disturbance i * w + e i
hs :
  (budget RouteBSupplyCore.damping fun i => RouteBSupplyCore.disturbance i * w + e i) ≤
    ∑ i, (RouteBSupplyCore.disturbance i * w) ^ 2 / (2 * RouteBSupplyCore.damping i) +
      ∑ i, e i ^ 2 / (2 * RouteBSupplyCore.damping i)
⊢ w ^ 2 * (285 / 572) +
            w ^ 2 * ![1, 1 / 2, 3 / 10, 1 / 5, 1 / 10, 1 / 20] 2 ^ 2 *
                (![13 / 10, 11 / 10, 19 / 20, 4 / 5, 13 / 20, 1 / 2] 2)⁻¹ *
              (1 / 2) +
          w ^ 2 * ![1 / 2, 3 / 10, 1 / 5, 1 / 10, 1 / 20] 2 ^ 2 * (![11 / 10, 19 / 20, 4 / 5, 13 / 20, 1 / 2] 2)⁻¹ *
            (1 / 2) +
        w ^ 2 * ![3 / 10, 1 / 5, 1 / 10, 1 / 20] 2 ^ 2 * (![19 / 20, 4 / 5, 13 / 20, 1 / 2] 2)⁻¹ * (1 / 2) +
      w ^ 2 * ![1 / 5, 1 / 10, 1 / 20] 2 ^ 2 * (![4 / 5, 13 / 20, 1 / 2] 2)⁻¹ * (1 / 2) =
    w ^ 2 * (631227 / 1086800)
'RouteBResidualPower.scalar_completion' depends on axioms: [propext, Classical.choice, Quot.sound]
'RouteBResidualPower.scalar_power_bound' depends on axioms: [propext, Classical.choice, Quot.sound]
'RouteBResidualPower.scalar_at_center' depends on axioms: [propext, Classical.choice, Quot.sound]
'RouteBResidualPower.zero_input_obstruction' depends on axioms: [propext, Classical.choice, Quot.sound]
'RouteBResidualPower.scalar_required_budget_iff' depends on axioms: [propext, Classical.choice, Quot.sound]
'RouteBResidualPower.vector_power_bound' depends on axioms: [propext, Classical.choice, Quot.sound]
'RouteBResidualPower.perturbed_supply_identity' depends on axioms: [propext, Classical.choice, Quot.sound]
'RouteBResidualPower.perturbed_supply_bound' depends on axioms: [propext, Classical.choice, Quot.sound]
'RouteBResidualPower.split_square_budget' depends on axioms: [propext, Classical.choice, Quot.sound]
'RouteBResidualPower.supply_with_squared_force_error' depends on axioms: [propext,
 sorryAx,
 Classical.choice,
 Quot.sound]
