START_UTC=2026-09-06T01:43:11Z
Lean (version 4.33.1, x86_64-unknown-linux-gnu, commit 819816b2e0a3bf405af45ae5c7af2491d8f5bee6, Release)
LEAN_PATH=/mnt/c/Users/z5242/Desktop/重构版/工作流/examples/routeb_routeb_rotation_specialization_lean/output/run-cafks9y6:/mnt/c/Users/z5242/Desktop/重构版/工作流/examples/routeb_dh_rotation_orthogonality_lean/output/run-u9aZXWdK:/mnt/c/Users/z5242/Desktop/重构版/工作流/examples/routeb_real_dh_step_lean/output/run-nAZVlwhR:/mnt/c/Users/z5242/Desktop/重构版/工作流/examples/routeb_b45_frame_recursion/output/run-k87wlFSd:/home/z5242/sos_lean/.lake/packages/LeanSearchClient/.lake/build/lib/lean:/home/z5242/sos_lean/.lake/packages/Qq/.lake/build/lib/lean:/home/z5242/sos_lean/.lake/packages/aesop/.lake/build/lib/lean:/home/z5242/sos_lean/.lake/packages/batteries/.lake/build/lib/lean:/home/z5242/sos_lean/.lake/packages/importGraph/.lake/build/lib/lean:/home/z5242/sos_lean/.lake/packages/mathlib/.lake/build/lib/lean:/home/z5242/sos_lean/.lake/packages/plausible/.lake/build/lib/lean:/home/z5242/sos_lean/.lake/packages/proofwidgets/.lake/build/lib/lean
SOURCE_SNAPSHOT_COMPLETE=true
/mnt/c/Users/z5242/Desktop/重构版/工作流/examples/routeb_routeb_rotation_specialization_lean/output/run-cafks9y6/RouteBRotationSpecialization.lean:23:2: error: unsolved goals
case hct.«0»
q : ℝ
⊢ Real.cos q * Real.cos q + Real.sin q * Real.sin q = 1

case hct.«1»
q : ℝ
⊢ Real.sin q * Real.sin q + Real.cos q * Real.cos q = 1

case hct.«2»
q : ℝ
⊢ Real.sin q * Real.sin q + Real.cos q * Real.cos q = 1

case hct.«3»
q : ℝ
⊢ Real.cos q * Real.cos q + Real.sin q * Real.sin q = 1

case hct.«4»
q : ℝ
⊢ Real.cos q * Real.cos q + Real.sin q * Real.sin q = 1

case hct.«5»
q : ℝ
⊢ Real.cos q * Real.cos q + Real.sin q * Real.sin q = 1
/mnt/c/Users/z5242/Desktop/重构版/工作流/examples/routeb_routeb_rotation_specialization_lean/output/run-cafks9y6/RouteBRotationSpecialization.lean:24:42: error: This simp argument is unused:
  Real.sin_sq_add_cos_sq

Hint: Omit it from the simp argument list.
  [apply] simp [routeBRealCos, routeBRealSin]

Note: This linter can be disabled with `set_option linter.unusedSimpArgs false`
'RouteBRotationSpecialization.routeB_real_step_rotation_rows_orthogonal' depends on axioms: [propext,
 sorryAx,
 Classical.choice,
 Quot.sound]
RouteBRotationSpecialization_COMPILE_EXIT_CODE=1
VERIFY_EXIT_CODE=1
