START_UTC=2026-09-06T04:03:06Z
Lean (version 4.33.1, x86_64-unknown-linux-gnu, commit 819816b2e0a3bf405af45ae5c7af2491d8f5bee6, Release)
LEAN_PATH=/mnt/c/Users/z5242/Desktop/重构版/工作流/examples/routeb_concrete_prefix_homogeneous_lean/output/run-ZjedqPFK:/mnt/c/Users/z5242/Desktop/重构版/工作流/examples/routeb_frame_slot_accessor_lean/output/run-4RJoHvpZ:/mnt/c/Users/z5242/Desktop/重构版/工作流/examples/routeb_concrete_step_homogeneous_lean/output/run-ZBZY9WRv:/mnt/c/Users/z5242/Desktop/重构版/工作流/examples/routeb_homogeneous_prefix_projection_lean/output/run-7hl40Fdl:/home/z5242/sos_lean/.lake/packages/LeanSearchClient/.lake/build/lib/lean:/home/z5242/sos_lean/.lake/packages/Qq/.lake/build/lib/lean:/home/z5242/sos_lean/.lake/packages/aesop/.lake/build/lib/lean:/home/z5242/sos_lean/.lake/packages/batteries/.lake/build/lib/lean:/home/z5242/sos_lean/.lake/packages/importGraph/.lake/build/lib/lean:/home/z5242/sos_lean/.lake/packages/mathlib/.lake/build/lib/lean:/home/z5242/sos_lean/.lake/packages/plausible/.lake/build/lib/lean:/home/z5242/sos_lean/.lake/packages/proofwidgets/.lake/build/lib/lean
SOURCE_SNAPSHOT_COMPLETE=true
/mnt/c/Users/z5242/Desktop/重构版/工作流/examples/routeb_concrete_prefix_homogeneous_lean/output/run-ZjedqPFK/ConcretePrefixHomogeneous.lean:1:0: error: unknown module prefix 'FramePrefixIndex'

No directory 'FramePrefixIndex' or file 'FramePrefixIndex.olean' in the search path entries:
/mnt/c/Users/z5242/Desktop/重构版/工作流/examples/routeb_concrete_prefix_homogeneous_lean/output/run-ZjedqPFK
/mnt/c/Users/z5242/Desktop/重构版/工作流/examples/routeb_frame_slot_accessor_lean/output/run-4RJoHvpZ
/mnt/c/Users/z5242/Desktop/重构版/工作流/examples/routeb_concrete_step_homogeneous_lean/output/run-ZBZY9WRv
/mnt/c/Users/z5242/Desktop/重构版/工作流/examples/routeb_homogeneous_prefix_projection_lean/output/run-7hl40Fdl
/home/z5242/sos_lean/.lake/packages/LeanSearchClient/.lake/build/lib/lean
/home/z5242/sos_lean/.lake/packages/Qq/.lake/build/lib/lean
/home/z5242/sos_lean/.lake/packages/aesop/.lake/build/lib/lean
/home/z5242/sos_lean/.lake/packages/batteries/.lake/build/lib/lean
/home/z5242/sos_lean/.lake/packages/importGraph/.lake/build/lib/lean
/home/z5242/sos_lean/.lake/packages/mathlib/.lake/build/lib/lean
/home/z5242/sos_lean/.lake/packages/plausible/.lake/build/lib/lean
/home/z5242/sos_lean/.lake/packages/proofwidgets/.lake/build/lib/lean
/home/z5242/.elan/toolchains/leanprover--lean4---v4.33.1/lib/lean
ConcretePrefixHomogeneous_COMPILE_EXIT_CODE=1
VERIFY_EXIT_CODE=1
