START_UTC=2026-09-05T23:32:35Z
Lean (version 4.33.1, x86_64-unknown-linux-gnu, commit 819816b2e0a3bf405af45ae5c7af2491d8f5bee6, Release)
LEAN_PATH=/mnt/c/Users/z5242/Desktop/重构版/工作流/examples/routeb_body_instantiation_lean/output/run-rbr5Ms0S:/mnt/c/Users/z5242/Desktop/重构版/工作流/examples/routeb_body_mass_lean/output/run-vB4nl7Rh:/mnt/c/Users/z5242/Desktop/重构版/工作流/examples/routeb_frame_origin_axis_lean/output/run-H0sN55iL:/mnt/c/Users/z5242/Desktop/重构版/工作流/examples/routeb_real_dh_step_lean/output/run-nAZVlwhR:/mnt/c/Users/z5242/Desktop/重构版/工作流/examples/routeb_b45_frame_recursion/output/run-k87wlFSd:/home/z5242/sos_lean/.lake/packages/LeanSearchClient/.lake/build/lib/lean:/home/z5242/sos_lean/.lake/packages/Qq/.lake/build/lib/lean:/home/z5242/sos_lean/.lake/packages/aesop/.lake/build/lib/lean:/home/z5242/sos_lean/.lake/packages/batteries/.lake/build/lib/lean:/home/z5242/sos_lean/.lake/packages/importGraph/.lake/build/lib/lean:/home/z5242/sos_lean/.lake/packages/mathlib/.lake/build/lib/lean:/home/z5242/sos_lean/.lake/packages/plausible/.lake/build/lib/lean:/home/z5242/sos_lean/.lake/packages/proofwidgets/.lake/build/lib/lean
SOURCE_SNAPSHOT_COMPLETE=true
/mnt/c/Users/z5242/Desktop/重构版/工作流/examples/routeb_body_instantiation_lean/output/run-rbr5Ms0S/BodyInstantiation.lean:1:0: error: unknown module prefix 'MassFunctional'

No directory 'MassFunctional' or file 'MassFunctional.olean' in the search path entries:
/mnt/c/Users/z5242/Desktop/重构版/工作流/examples/routeb_body_instantiation_lean/output/run-rbr5Ms0S
/mnt/c/Users/z5242/Desktop/重构版/工作流/examples/routeb_body_mass_lean/output/run-vB4nl7Rh
/mnt/c/Users/z5242/Desktop/重构版/工作流/examples/routeb_frame_origin_axis_lean/output/run-H0sN55iL
/mnt/c/Users/z5242/Desktop/重构版/工作流/examples/routeb_real_dh_step_lean/output/run-nAZVlwhR
/mnt/c/Users/z5242/Desktop/重构版/工作流/examples/routeb_b45_frame_recursion/output/run-k87wlFSd
/home/z5242/sos_lean/.lake/packages/LeanSearchClient/.lake/build/lib/lean
/home/z5242/sos_lean/.lake/packages/Qq/.lake/build/lib/lean
/home/z5242/sos_lean/.lake/packages/aesop/.lake/build/lib/lean
/home/z5242/sos_lean/.lake/packages/batteries/.lake/build/lib/lean
/home/z5242/sos_lean/.lake/packages/importGraph/.lake/build/lib/lean
/home/z5242/sos_lean/.lake/packages/mathlib/.lake/build/lib/lean
/home/z5242/sos_lean/.lake/packages/plausible/.lake/build/lib/lean
/home/z5242/sos_lean/.lake/packages/proofwidgets/.lake/build/lib/lean
/home/z5242/.elan/toolchains/leanprover--lean4---v4.33.1/lib/lean
BodyInstantiation_COMPILE_EXIT_CODE=1
VERIFY_EXIT_CODE=1
