UTC: 2026-09-05T18:42:47Z
Run: /mnt/c/Users/z5242/Desktop/重构版/工作流/examples/routeb_force_error_decomposition/output/run-cbbq9MXx
Lean (version 4.33.1, x86_64-unknown-linux-gnu, commit 819816b2e0a3bf405af45ae5c7af2491d8f5bee6, Release)
EXACT_CONSTANTS_MASS_AND_GRAVITY_SUPPORT_CHECKED
Mref diagonal: [Fraction(350003, 3000000), Fraction(200739, 4000000)] gravity c: 20601/400000 refined FD gravity error: 6867/8000000000000000
TOTAL_INTEGRATED_BUDGET_PROVED=false
78ec6278a91087bb11d350201e06165a67dcb7373fdef3d37db07978162d485c  /mnt/c/Users/z5242/Desktop/重构版/工作流/examples/routeb_force_error_decomposition/ForceErrorDecomposition.lean
48f78b676146217693899edce738edfd44b9a2e53be635ee62688fc68b2bb6f6  /mnt/c/Users/z5242/Desktop/重构版/工作流/examples/routeb_force_error_decomposition/audit.py
93f7a8d0d6962cec41958a3e389e67816322b533ed6749b25cebee4e9758e83d  /mnt/c/Users/z5242/Desktop/重构版/工作流/examples/routeb_force_error_decomposition/verify.sh
15a8e8ceb17131c32ceb02f4982d71807681d812d22de9f0b2fa206be346db5d  /mnt/c/Users/z5242/Desktop/重构版/工作流/examples/routeb_force_error_decomposition/../routeb_dh_power_binding/output/run-5RHBCcg9/DHPowerBinding.olean
cf1d339b9a276fdbdc68b07d84fb1ad38c7af22dd4e1cf1708aac47430a9c951  /mnt/c/Users/z5242/Desktop/重构版/工作流/examples/routeb_force_error_decomposition/../routeb_block_potential/output/run-RDCanfXw/BlockPotential.olean
'RouteBForceErrorDecomposition.full_mass_block_split' depends on axioms: [propext, Classical.choice, Quot.sound]
'RouteBForceErrorDecomposition.mass_mismatch_action' depends on axioms: [propext, Classical.choice, Quot.sound]
'RouteBForceErrorDecomposition.reference_force_of_balance' depends on axioms: [propext, Classical.choice, Quot.sound]
'RouteBForceErrorDecomposition.implemented_reference_force' depends on axioms: [propext, Classical.choice, Quot.sound]
'RouteBForceErrorDecomposition.new_error_from_old_total' depends on axioms: [propext, Classical.choice, Quot.sound]
'RouteBForceErrorDecomposition.exact_squared_error_identity' depends on axioms: [propext, Classical.choice, Quot.sound]
'RouteBForceErrorDecomposition.gravity_at_block_origin' depends on axioms: [propext, Classical.choice, Quot.sound]
'RouteBForceErrorDecomposition.gravity_sos_identity' depends on axioms: [propext, Classical.choice, Quot.sound]
'RouteBForceErrorDecomposition.gravity_norm_squared_bound' depends on axioms: [propext, Classical.choice, Quot.sound]
'RouteBForceErrorDecomposition.gravity_weighted_cost_bound' depends on axioms: [propext, Classical.choice, Quot.sound]
'RouteBForceErrorDecomposition.gravity_weighted_cost_rational' depends on axioms: [propext,
 Classical.choice,
 Quot.sound]
LEAN_COMPILE_EXIT_CODE=0
26f3ed2c99644f32f89338ba6cd8b2dd7afe514d620521a0835c00df49c0f640  /mnt/c/Users/z5242/Desktop/重构版/工作流/examples/routeb_force_error_decomposition/output/run-cbbq9MXx/ForceErrorDecomposition.olean
VERIFY_EXIT_CODE=0
