UTC: 2026-09-05T17:22:44Z
Run: /mnt/c/Users/z5242/Desktop/重构版/工作流/examples/routeb_dh_power_binding/output/run-5RHBCcg9
Lean (version 4.33.1, x86_64-unknown-linux-gnu, commit 819816b2e0a3bf405af45ae5c7af2491d8f5bee6, Release)
56341d50f43e9fdca79ab3a947712ce63bdb7f61be2261a769e7030e3bc5da96  /mnt/c/Users/z5242/Desktop/重构版/工作流/examples/routeb_dh_power_binding/ExistingEnergyCore.lean
646c1052c10c1d8606342010c4303c0c25e40e008664ce7f1c1b1649c51f6971  /mnt/c/Users/z5242/Desktop/重构版/工作流/examples/routeb_dh_power_binding/../routeb_supply_core/RouteBSupplyCore.lean
'RouteBSupplyCore.damping_pos' depends on axioms: [propext, Classical.choice, Quot.sound]
'RouteBSupplyCore.centerRate_exact' depends on axioms: [propext, Classical.choice, Quot.sound]
'RouteBSupplyCore.gamma_exact' depends on axioms: [propext, Classical.choice, Quot.sound]
'RouteBSupplyCore.gamma_pos' depends on axioms: [propext, Classical.choice, Quot.sound]
'RouteBSupplyCore.gamma_lt_one' depends on axioms: [propext, Classical.choice, Quot.sound]
'RouteBSupplyCore.unitMargin_exact' depends on axioms: [propext, Classical.choice, Quot.sound]
'RouteBSupplyCore.unitMargin_pos' depends on axioms: [propext, Classical.choice, Quot.sound]
'RouteBSupplyCore.completion_six' depends on axioms: [propext, Classical.choice, Quot.sound]
'RouteBSupplyCore.vector_completion_identity' depends on axioms: [propext, Classical.choice, Quot.sound]
'RouteBSupplyCore.completion_nonneg' depends on axioms: [propext, Classical.choice, Quot.sound]
'RouteBSupplyCore.pointwise_supply_bound' depends on axioms: [propext, Classical.choice, Quot.sound]
'RouteBSupplyCore.unit_supply_gap_identity' depends on axioms: [propext, Classical.choice, Quot.sound]
'RouteBSupplyCore.unit_supply_bound' depends on axioms: [propext, Classical.choice, Quot.sound]
'RouteBSupplyCore.supply_at_center' depends on axioms: [propext, Classical.choice, Quot.sound]
'RouteBSupplyCore.uniform_supply_coefficient_iff' depends on axioms: [propext, Classical.choice, Quot.sound]
'RouteBSupplyCore.power_bound_with_remainder' depends on axioms: [propext, Classical.choice, Quot.sound]
'RouteBSupplyCore.unit_supply_of_power_identity' depends on axioms: [propext, Classical.choice, Quot.sound]
'RouteBSupplyCore.unit_supply_of_margin_bound' depends on axioms: [propext, Classical.choice, Quot.sound]
0f74bf60dbe7473f4b7f7d78c759a6fbff03ae984bb932f203a31c8c8de7de3d  /mnt/c/Users/z5242/Desktop/重构版/工作流/examples/routeb_dh_power_binding/../routeb_residual_power/ResidualPower.lean
'RouteBResidualPower.scalar_completion' depends on axioms: [propext, Classical.choice, Quot.sound]
'RouteBResidualPower.scalar_power_bound' depends on axioms: [propext, Classical.choice, Quot.sound]
'RouteBResidualPower.scalar_at_center' depends on axioms: [propext, Classical.choice, Quot.sound]
'RouteBResidualPower.zero_input_obstruction' depends on axioms: [propext, Classical.choice, Quot.sound]
'RouteBResidualPower.scalar_required_budget_iff' depends on axioms: [propext, Classical.choice, Quot.sound]
'RouteBResidualPower.vector_power_bound' depends on axioms: [propext, Classical.choice, Quot.sound]
'RouteBResidualPower.perturbed_supply_identity' depends on axioms: [propext, Classical.choice, Quot.sound]
'RouteBResidualPower.perturbed_supply_bound' depends on axioms: [propext, Classical.choice, Quot.sound]
'RouteBResidualPower.split_square_budget' depends on axioms: [propext, Classical.choice, Quot.sound]
'RouteBResidualPower.supply_with_squared_force_error' depends on axioms: [propext, Classical.choice, Quot.sound]
60fc787b51b834b98cb65b2202242edc2842f24c5e39c303de84b0c967740ac4  /mnt/c/Users/z5242/Desktop/重构版/工作流/examples/routeb_dh_power_binding/ControllerPowerCore.lean
1da1530182f3713433c2423107f7efd6f1f6a1e9a616df783908688e41732d1a  /mnt/c/Users/z5242/Desktop/重构版/工作流/examples/routeb_dh_power_binding/DHPowerBinding.lean
'RouteBDHPowerBinding.implemented_force_identity' depends on axioms: [propext, Classical.choice, Quot.sound]
'RouteBDHPowerBinding.mass_difference_action' depends on axioms: [propext, Classical.choice, Quot.sound]
'RouteBDHPowerBinding.mechanical_power_with_all_errors' depends on axioms: [propext, Classical.choice, Quot.sound]
'RouteBDHPowerBinding.implemented_energy_identity' depends on axioms: [propext, Classical.choice, Quot.sound]
'RouteBDHPowerBinding.implemented_energy_bound' depends on axioms: [propext, Classical.choice, Quot.sound]
'RouteBDHPowerBinding.squared_error_budget_mono' depends on axioms: [propext, Classical.choice, Quot.sound]
'RouteBDHPowerBinding.implemented_energy_bound_of_component_enclosures' depends on axioms: [propext,
 Classical.choice,
 Quot.sound]
LEAN_COMPILE_EXIT_CODE=0
15a8e8ceb17131c32ceb02f4982d71807681d812d22de9f0b2fa206be346db5d  /mnt/c/Users/z5242/Desktop/重构版/工作流/examples/routeb_dh_power_binding/output/run-5RHBCcg9/DHPowerBinding.olean
