START_UTC=2026-09-05T22:24:21Z
LEAN_TOOLCHAIN_COMMIT=819816b2e0a3bf405af45ae5c7af2491d8f5bee6
MATHLIB_COMMIT=0df444a360eaa60ab8c11dca51a86af692955474
Lean (version 4.33.1, x86_64-unknown-linux-gnu, commit 819816b2e0a3bf405af45ae5c7af2491d8f5bee6, Release)
LEAN_PATH=/mnt/c/Users/z5242/Desktop/重构版/工作流/examples/routeb_positive_supply_relative_eta_lean/output/run-vLUcsyKh:/home/z5242/sos_lean/.lake/packages/LeanSearchClient/.lake/build/lib/lean:/home/z5242/sos_lean/.lake/packages/Qq/.lake/build/lib/lean:/home/z5242/sos_lean/.lake/packages/aesop/.lake/build/lib/lean:/home/z5242/sos_lean/.lake/packages/batteries/.lake/build/lib/lean:/home/z5242/sos_lean/.lake/packages/importGraph/.lake/build/lib/lean:/home/z5242/sos_lean/.lake/packages/mathlib/.lake/build/lib/lean:/home/z5242/sos_lean/.lake/packages/plausible/.lake/build/lib/lean:/home/z5242/sos_lean/.lake/packages/proofwidgets/.lake/build/lib/lean
COMMAND=/home/z5242/.elan/toolchains/leanprover--lean4---v4.33.1/bin/lean -DwarningAsError=true --root=/mnt/c/Users/z5242/Desktop/重构版/工作流/examples/routeb_positive_supply_relative_eta_lean/output/run-vLUcsyKh -o /mnt/c/Users/z5242/Desktop/重构版/工作流/examples/routeb_positive_supply_relative_eta_lean/output/run-vLUcsyKh/RelativeEtaDenominator.olean /mnt/c/Users/z5242/Desktop/重构版/工作流/examples/routeb_positive_supply_relative_eta_lean/output/run-vLUcsyKh/RelativeEtaDenominator.lean
'RouteBPositiveSupplyRelativeEta.K_eq_A_add_D' depends on axioms: [propext, Classical.choice, Quot.sound]
'RouteBPositiveSupplyRelativeEta.affine_margin_pos' depends on axioms: [propext, Classical.choice, Quot.sound]
'RouteBPositiveSupplyRelativeEta.etaDenominator_expanded' depends on axioms: [propext, Classical.choice, Quot.sound]
'RouteBPositiveSupplyRelativeEta.relative_eta_denominator_pos' depends on axioms: [propext,
 Classical.choice,
 Quot.sound]
'RouteBPositiveSupplyRelativeEta.direct_gate_iff_no_division' depends on axioms: [propext, Classical.choice, Quot.sound]
'RouteBPositiveSupplyRelativeEta.direct_gate_consequence_no_division' depends on axioms: [propext,
 Classical.choice,
 Quot.sound]
'RouteBPositiveSupplyRelativeEta.relative_eta_direct_gate_interface' depends on axioms: [propext,
 Classical.choice,
 Quot.sound]
RelativeEtaDenominator_COMPILE_EXIT_CODE=0
7205581770ed544f2d41608982600583a78b98e6606ae1ffde6d70639619bb73  /mnt/c/Users/z5242/Desktop/重构版/工作流/examples/routeb_positive_supply_relative_eta_lean/output/run-vLUcsyKh/RelativeEtaDenominator.lean
ccce9f3aebca9225a5c9a42d1b06890a4036123aba3ad838225a5bb6ba1753c0  /mnt/c/Users/z5242/Desktop/重构版/工作流/examples/routeb_positive_supply_relative_eta_lean/output/run-vLUcsyKh/RelativeEtaDenominator.olean
NO_SORRY_OR_ADMIT_CHECK=grep_source_after_compile
SNAPSHOT_HASHES_UNCHANGED=true
END_UTC=2026-09-05T22:24:27Z
VERIFY_EXIT_CODE=0
