START_UTC=2026-09-05T23:18:44Z
Lean (version 4.33.1, x86_64-unknown-linux-gnu, commit 819816b2e0a3bf405af45ae5c7af2491d8f5bee6, Release)
LEAN_PATH=/mnt/c/Users/z5242/Desktop/重构版/工作流/examples/routeb_body_mass_lean/output/run-Nt4GNlJF:/mnt/c/Users/z5242/Desktop/重构版/工作流/examples/routeb_body_mass_lean/../routeb_mass_functional_lean/output/run-pVaCVj2p:/home/z5242/sos_lean/.lake/packages/LeanSearchClient/.lake/build/lib/lean:/home/z5242/sos_lean/.lake/packages/Qq/.lake/build/lib/lean:/home/z5242/sos_lean/.lake/packages/aesop/.lake/build/lib/lean:/home/z5242/sos_lean/.lake/packages/batteries/.lake/build/lib/lean:/home/z5242/sos_lean/.lake/packages/importGraph/.lake/build/lib/lean:/home/z5242/sos_lean/.lake/packages/mathlib/.lake/build/lib/lean:/home/z5242/sos_lean/.lake/packages/plausible/.lake/build/lib/lean:/home/z5242/sos_lean/.lake/packages/proofwidgets/.lake/build/lib/lean
SOURCE_SNAPSHOT_COMPLETE=true
/mnt/c/Users/z5242/Desktop/重构版/工作流/examples/routeb_body_mass_lean/output/run-Nt4GNlJF/BodyMass.lean:9:0: error: unexpected identifier; expected command
/mnt/c/Users/z5242/Desktop/重构版/工作流/examples/routeb_body_mass_lean/output/run-Nt4GNlJF/BodyMass.lean:38:13: error(lean.synthInstanceFailed): failed to synthesize instance of type class
  Decidable (activeColumn body j)

Hint: Type class instance resolution failures can be inspected with the `set_option trace.Meta.synthInstance true` command.
/mnt/c/Users/z5242/Desktop/重构版/工作流/examples/routeb_body_mass_lean/output/run-Nt4GNlJF/BodyMass.lean:43:13: error(lean.synthInstanceFailed): failed to synthesize instance of type class
  Decidable (activeColumn body j)

Hint: Type class instance resolution failures can be inspected with the `set_option trace.Meta.synthInstance true` command.
/mnt/c/Users/z5242/Desktop/重构版/工作流/examples/routeb_body_mass_lean/output/run-Nt4GNlJF/BodyMass.lean:64:40: error: unsolved goals
origins : Fin 7 → Vec3
axes : Fin 6 → Vec3
body j : Fin 6
a : Fin 3
h : ↑body < ↑j
⊢ sorry () = 0
/mnt/c/Users/z5242/Desktop/重构版/工作流/examples/routeb_body_mass_lean/output/run-Nt4GNlJF/BodyMass.lean:65:8: error: declaration uses `sorry`
/mnt/c/Users/z5242/Desktop/重构版/工作流/examples/routeb_body_mass_lean/output/run-Nt4GNlJF/BodyMass.lean:65:16: error: This simp argument is unused:
  activeColumn

Hint: Omit it from the simp argument list.
  [apply] simp [bodyJv, Nat.not_le_of_lt h]

Note: This linter can be disabled with `set_option linter.unusedSimpArgs false`
/mnt/c/Users/z5242/Desktop/重构版/工作流/examples/routeb_body_mass_lean/output/run-Nt4GNlJF/BodyMass.lean:65:30: error: This simp argument is unused:
  Nat.not_le_of_lt h

Hint: Omit it from the simp argument list.
  [apply] simp [bodyJv, activeColumn]

Note: This linter can be disabled with `set_option linter.unusedSimpArgs false`
/mnt/c/Users/z5242/Desktop/重构版/工作流/examples/routeb_body_mass_lean/output/run-Nt4GNlJF/BodyMass.lean:70:32: error: unsolved goals
axes : Fin 6 → Vec3
body j : Fin 6
a : Fin 3
h : ↑body < ↑j
⊢ sorry () = 0
/mnt/c/Users/z5242/Desktop/重构版/工作流/examples/routeb_body_mass_lean/output/run-Nt4GNlJF/BodyMass.lean:71:8: error: declaration uses `sorry`
/mnt/c/Users/z5242/Desktop/重构版/工作流/examples/routeb_body_mass_lean/output/run-Nt4GNlJF/BodyMass.lean:71:16: error: This simp argument is unused:
  activeColumn

Hint: Omit it from the simp argument list.
  [apply] simp [bodyJw, Nat.not_le_of_lt h]

Note: This linter can be disabled with `set_option linter.unusedSimpArgs false`
/mnt/c/Users/z5242/Desktop/重构版/工作流/examples/routeb_body_mass_lean/output/run-Nt4GNlJF/BodyMass.lean:71:30: error: This simp argument is unused:
  Nat.not_le_of_lt h

Hint: Omit it from the simp argument list.
  [apply] simp [bodyJw, activeColumn]

Note: This linter can be disabled with `set_option linter.unusedSimpArgs false`
/mnt/c/Users/z5242/Desktop/重构版/工作流/examples/routeb_body_mass_lean/output/run-Nt4GNlJF/BodyMass.lean:79:39: error: unsolved goals
origins : Fin 7 → Vec3
axes : Fin 6 → Vec3
body j : Fin 6
a : Fin 3
h : ↑j ≤ ↑body
⊢ sorry () = cross3 (axes j) (fun b => bodyCom origins body b - origins (prevOrigin j) b) a
/mnt/c/Users/z5242/Desktop/重构版/工作流/examples/routeb_body_mass_lean/output/run-Nt4GNlJF/BodyMass.lean:80:8: error: declaration uses `sorry`
/mnt/c/Users/z5242/Desktop/重构版/工作流/examples/routeb_body_mass_lean/output/run-Nt4GNlJF/BodyMass.lean:80:16: error: This simp argument is unused:
  activeColumn

Hint: Omit it from the simp argument list.
  [apply] simp [bodyJv, h]

Note: This linter can be disabled with `set_option linter.unusedSimpArgs false`
/mnt/c/Users/z5242/Desktop/重构版/工作流/examples/routeb_body_mass_lean/output/run-Nt4GNlJF/BodyMass.lean:80:30: error: This simp argument is unused:
  h

Hint: Omit it from the simp argument list.
  [apply] simp [bodyJv, activeColumn]

Note: This linter can be disabled with `set_option linter.unusedSimpArgs false`
/mnt/c/Users/z5242/Desktop/重构版/工作流/examples/routeb_body_mass_lean/output/run-Nt4GNlJF/BodyMass.lean:85:39: error: unsolved goals
axes : Fin 6 → Vec3
body j : Fin 6
a : Fin 3
h : ↑j ≤ ↑body
⊢ sorry () = axes j a
/mnt/c/Users/z5242/Desktop/重构版/工作流/examples/routeb_body_mass_lean/output/run-Nt4GNlJF/BodyMass.lean:86:8: error: declaration uses `sorry`
/mnt/c/Users/z5242/Desktop/重构版/工作流/examples/routeb_body_mass_lean/output/run-Nt4GNlJF/BodyMass.lean:86:16: error: This simp argument is unused:
  activeColumn

Hint: Omit it from the simp argument list.
  [apply] simp [bodyJw, h]

Note: This linter can be disabled with `set_option linter.unusedSimpArgs false`
/mnt/c/Users/z5242/Desktop/重构版/工作流/examples/routeb_body_mass_lean/output/run-Nt4GNlJF/BodyMass.lean:86:30: error: This simp argument is unused:
  h

Hint: Omit it from the simp argument list.
  [apply] simp [bodyJw, activeColumn]

Note: This linter can be disabled with `set_option linter.unusedSimpArgs false`
'RouteBBodyMass.prevOrigin_val' depends on axioms: [propext, Quot.sound]
'RouteBBodyMass.nextOrigin_val' depends on axioms: [propext, Quot.sound]
'RouteBBodyMass.bodyCom_midpoint' depends on axioms: [propext, Classical.choice, Quot.sound]
'RouteBBodyMass.bodyJv_zero_of_inactive' depends on axioms: [propext, sorryAx, Classical.choice, Quot.sound]
'RouteBBodyMass.bodyJw_zero_of_inactive' depends on axioms: [propext, sorryAx, Classical.choice, Quot.sound]
'RouteBBodyMass.bodyJv_active_formula' depends on axioms: [propext, sorryAx, Classical.choice, Quot.sound]
'RouteBBodyMass.bodyJw_active_formula' depends on axioms: [propext, sorryAx, Classical.choice, Quot.sound]
'RouteBBodyMass.bodyMass_is_linkMass' depends on axioms: [propext, sorryAx, Classical.choice, Quot.sound]
'RouteBBodyMass.body_mass_entry_expanded' depends on axioms: [propext, sorryAx, Classical.choice, Quot.sound]
BodyMass_COMPILE_EXIT_CODE=1
VERIFY_EXIT_CODE=1
