START_UTC=2026-09-05T20:07:04Z
INPUT=examples/routeb_coupled_gain_bridge/DERIVATION.md
INPUT=examples/routeb_coupled_gain_bridge/GainBridge.lean
INPUT=examples/routeb_coupled_gain_bridge/verify.sh
INPUT=artifacts/routeb_gain_checkpoint_20260905/REPORT.md
INPUT=examples/routeb_coupled_resolvent/DERIVATION.md
INPUT=examples/routeb_coupled_resolvent/CoupledResolvent.lean
INPUT=examples/routeb_coupled_resolvent/source_bounds.py
INPUT=examples/routeb_coupled_resolvent/output/bounds-20260905T193103Z-725e99c7/source_bounds.json
INPUT=examples/routeb_coupled_finite_gain/DERIVATION.md
INPUT=examples/routeb_coupled_finite_gain/output/run-20260905T194943Z-9ad8ada4/results.json
PRE_RUN_SNAPSHOTS_COMPLETE
MATHLIB_COMMIT=0df444a360eaa60ab8c11dca51a86af692955474
Lean (version 4.33.1, x86_64-unknown-linux-gnu, commit 819816b2e0a3bf405af45ae5c7af2491d8f5bee6, Release)
COMMAND=lean -DwarningAsError=true --root=RUN -o RUN/PrefixSmallGain.olean RUN/PrefixSmallGain.lean
'RouteBPrefixSmallGain.amplitude_bound' depends on axioms: [propext, Classical.choice, Quot.sound]
'RouteBPrefixSmallGain.strict_margin' depends on axioms: [propext, Classical.choice, Quot.sound]
'RouteBPrefixSmallGain.prefix_scalar_gate' depends on axioms: [propext, Classical.choice, Quot.sound]
'RouteBPrefixSmallGain.first_exit_value_excluded' depends on axioms: [propext, Classical.choice, Quot.sound]
'RouteBPrefixSmallGain.sqrt_energy_gate' depends on axioms: [propext, Classical.choice, Quot.sound]
'RouteBPrefixSmallGain.compose_source_state_loop' depends on axioms: [propext, Classical.choice, Quot.sound]
'RouteBPrefixSmallGain.forcing_amplitude_gate' depends on axioms: [propext, Classical.choice, Quot.sound]
'RouteBPrefixSmallGain.forcing_energy_gate' depends on axioms: [propext, Classical.choice, Quot.sound]
'RouteBPrefixSmallGain.original_output_envelopes' depends on axioms: [propext, Classical.choice, Quot.sound]
LEAN_COMPILE_EXIT_CODE=0
66aec1f0d7819017e49bbf6bc817dacfa4fe84242ed242098aa8314f5b5b6a96  /mnt/c/Users/z5242/Desktop/重构版/工作流/examples/routeb_prefix_small_gain/output/run-81JzZCDw/PrefixSmallGain.olean
END_UTC=2026-09-05T20:07:31Z
VERIFY_EXIT_CODE=0
