UTC: 2026-09-05T18:19:32Z
Run: /mnt/c/Users/z5242/Desktop/重构版/工作流/examples/routeb_local_energy_budget/output/run-2EZ4eqRJ
Lean (version 4.33.1, x86_64-unknown-linux-gnu, commit 819816b2e0a3bf405af45ae5c7af2491d8f5bee6, Release)
MATHLIB_COMMIT=0df444a360eaa60ab8c11dca51a86af692955474
18d27661555789005dfe1db03d5a377ab03700ba1258395cde5b9a15e707a278  /mnt/c/Users/z5242/Desktop/重构版/工作流/examples/routeb_local_energy_budget/LocalEnergyBudget.lean
cbd98a957c7b9f7284e731b6053d3e0664b3733378f80b3ee3202d05113261cc  /mnt/c/Users/z5242/Desktop/重构版/工作流/examples/routeb_local_energy_budget/verify.sh
dae80fbdbb6439761a0ad1b7c081fc5a61ca1cdd7e2f70e23df31d9756637f26  /home/z5242/sos_lean/lake-manifest.json
/mnt/c/Users/z5242/Desktop/重构版/工作流/examples/routeb_local_energy_budget/output/run-2EZ4eqRJ/LocalEnergyBudget.lean:89:2: error: linarith failed to find a contradiction
x : Fin 12 → ℝ
hx :
  x 0 ^ 2 +
      (x 1 ^ 2 +
        (x 2 ^ 2 +
          (x (Fin.succ 2) ^ 2 +
            (x (Fin.succ 2).succ ^ 2 +
              (x (Fin.succ 2).succ.succ ^ 2 +
                (x (Fin.succ 2).succ.succ.succ ^ 2 +
                  (x (Fin.succ 2).succ.succ.succ.succ ^ 2 +
                    (x (Fin.succ 2).succ.succ.succ.succ.succ ^ 2 +
                      (x (Fin.succ 2).succ.succ.succ.succ.succ.succ ^ 2 +
                        (x (Fin.succ 2).succ.succ.succ.succ.succ.succ.succ ^ 2 +
                          x (Fin.succ 2).succ.succ.succ.succ.succ.succ.succ.succ ^ 2)))))))))) ≤
    9 / 400
a✝ : 9 / 400 < x 3 ^ 2 + x 4 ^ 2 + x 9 ^ 2 + x 10 ^ 2
⊢ False
failed
'RouteBLocalEnergyBudget.derivative_identity' depends on axioms: [propext, Classical.choice, Quot.sound]
'RouteBLocalEnergyBudget.half_damping_identity' depends on axioms: [propext, Classical.choice, Quot.sound]
'RouteBLocalEnergyBudget.derivative_budget' depends on axioms: [propext, Classical.choice, Quot.sound]
'RouteBLocalEnergyBudget.full12Ball_block_bound' depends on axioms: [propext, sorryAx, Classical.choice, Quot.sound]
'RouteBLocalEnergyBudget.VB_nonneg' depends on axioms: [propext, Classical.choice, Quot.sound]
'RouteBLocalEnergyBudget.VB_le_blockNormSq' depends on axioms: [propext, Classical.choice, Quot.sound]
'RouteBLocalEnergyBudget.initial_VB_bound' depends on axioms: [propext, Classical.choice, Quot.sound]
'RouteBLocalEnergyBudget.full12Ball_initial_VB' depends on axioms: [propext, sorryAx, Classical.choice, Quot.sound]
'RouteBLocalEnergyBudget.p_le_VB' depends on axioms: [propext, Classical.choice, Quot.sound]
'RouteBLocalEnergyBudget.qterminal_le_VB' depends on axioms: [propext, Classical.choice, Quot.sound]
'RouteBLocalEnergyBudget.cap_arithmetic' depends on axioms: [propext, Classical.choice, Quot.sound]
'RouteBLocalEnergyBudget.outputs_of_cap' depends on axioms: [propext, Classical.choice, Quot.sound]
'RouteBLocalEnergyBudget.cap_of_energy_ledger' depends on axioms: [propext, Classical.choice, Quot.sound]
LEAN_COMPILE_EXIT_CODE=1
VERIFY_EXIT_CODE=1
