UTC: 2026-09-05T18:17:57Z
Run: /mnt/c/Users/z5242/Desktop/重构版/工作流/examples/routeb_local_energy_budget/output/run-R2XPgS0V
Lean (version 4.33.1, x86_64-unknown-linux-gnu, commit 819816b2e0a3bf405af45ae5c7af2491d8f5bee6, Release)
MATHLIB_COMMIT=0df444a360eaa60ab8c11dca51a86af692955474
2f9fd1fcdb48bf558f6abac31e121ff85621cf8afcc38c75a7b95b36d96a5281  /mnt/c/Users/z5242/Desktop/重构版/工作流/examples/routeb_local_energy_budget/LocalEnergyBudget.lean
cbd98a957c7b9f7284e731b6053d3e0664b3733378f80b3ee3202d05113261cc  /mnt/c/Users/z5242/Desktop/重构版/工作流/examples/routeb_local_energy_budget/verify.sh
dae80fbdbb6439761a0ad1b7c081fc5a61ca1cdd7e2f70e23df31d9756637f26  /home/z5242/sos_lean/lake-manifest.json
/mnt/c/Users/z5242/Desktop/重构版/工作流/examples/routeb_local_energy_budget/output/run-R2XPgS0V/LocalEnergyBudget.lean:95:2: error: linarith failed to find a contradiction
x : Fin 12 → ℝ
hx : ∑ i, x i ^ 2 ≤ 9 / 400
hs : ∑ i ∈ {3, 4, 9, 10}, x i ^ 2 ≤ ∑ i, x i ^ 2
a✝ : 9 / 400 < x 3 ^ 2 + x 4 ^ 2 + x 9 ^ 2 + x 10 ^ 2
⊢ False
failed
'RouteBLocalEnergyBudget.derivative_identity' depends on axioms: [propext, Classical.choice, Quot.sound]
'RouteBLocalEnergyBudget.half_damping_identity' depends on axioms: [propext, Classical.choice, Quot.sound]
'RouteBLocalEnergyBudget.derivative_budget' depends on axioms: [propext, Classical.choice, Quot.sound]
'RouteBLocalEnergyBudget.full12Ball_block_bound' depends on axioms: [propext, sorryAx, Classical.choice, Quot.sound]
'RouteBLocalEnergyBudget.VB_nonneg' depends on axioms: [propext, Classical.choice, Quot.sound]
'RouteBLocalEnergyBudget.VB_le_blockNormSq' depends on axioms: [propext, Classical.choice, Quot.sound]
'RouteBLocalEnergyBudget.initial_VB_bound' depends on axioms: [propext, Classical.choice, Quot.sound]
'RouteBLocalEnergyBudget.full12Ball_initial_VB' depends on axioms: [propext, sorryAx, Classical.choice, Quot.sound]
'RouteBLocalEnergyBudget.p_le_VB' depends on axioms: [propext, Classical.choice, Quot.sound]
'RouteBLocalEnergyBudget.qterminal_le_VB' depends on axioms: [propext, Classical.choice, Quot.sound]
'RouteBLocalEnergyBudget.cap_arithmetic' depends on axioms: [propext, Classical.choice, Quot.sound]
'RouteBLocalEnergyBudget.outputs_of_cap' depends on axioms: [propext, Classical.choice, Quot.sound]
'RouteBLocalEnergyBudget.cap_of_energy_ledger' depends on axioms: [propext, Classical.choice, Quot.sound]
LEAN_COMPILE_EXIT_CODE=1
VERIFY_EXIT_CODE=1
