START_UTC=2026-09-05T23:49:49Z
Lean (version 4.33.1, x86_64-unknown-linux-gnu, commit 819816b2e0a3bf405af45ae5c7af2491d8f5bee6, Release)
LEAN_PATH=/mnt/c/Users/z5242/Desktop/重构版/工作流/examples/routeb_frame_prefix_index_lean/output/run-8KCH3Ouq:/mnt/c/Users/z5242/Desktop/重构版/工作流/examples/routeb_frame_origin_axis_lean/output/run-H0sN55iL:/mnt/c/Users/z5242/Desktop/重构版/工作流/examples/routeb_real_dh_step_lean/output/run-nAZVlwhR:/mnt/c/Users/z5242/Desktop/重构版/工作流/examples/routeb_b45_frame_recursion/output/run-k87wlFSd:/home/z5242/sos_lean/.lake/packages/LeanSearchClient/.lake/build/lib/lean:/home/z5242/sos_lean/.lake/packages/Qq/.lake/build/lib/lean:/home/z5242/sos_lean/.lake/packages/aesop/.lake/build/lib/lean:/home/z5242/sos_lean/.lake/packages/batteries/.lake/build/lib/lean:/home/z5242/sos_lean/.lake/packages/importGraph/.lake/build/lib/lean:/home/z5242/sos_lean/.lake/packages/mathlib/.lake/build/lib/lean:/home/z5242/sos_lean/.lake/packages/plausible/.lake/build/lib/lean:/home/z5242/sos_lean/.lake/packages/proofwidgets/.lake/build/lib/lean
SOURCE_SNAPSHOT_COMPLETE=true
/mnt/c/Users/z5242/Desktop/重构版/工作流/examples/routeb_frame_prefix_index_lean/output/run-8KCH3Ouq/FramePrefixIndex.lean:32:74: error: unsolved goals
s : Fin 6 → RealFrame
⊢ sourceFrames 1 (List.map s (List.finRange 6)) =
    [1, s 0, s 0 * s 1, s 0 * s 1 * s 2, s 0 * s 1 * s 2 * s 3, s 0 * s 1 * s 2 * s 3 * s 4,
      s 0 * s 1 * s 2 * s 3 * s 4 * s 5]
/mnt/c/Users/z5242/Desktop/重构版/工作流/examples/routeb_frame_prefix_index_lean/output/run-8KCH3Ouq/FramePrefixIndex.lean:33:8: error: This simp argument is unused:
  sourceFrames

Hint: Omit it from the simp argument list.
  [apply] simp [prefix6]

Note: This linter can be disabled with `set_option linter.unusedSimpArgs false`
/mnt/c/Users/z5242/Desktop/重构版/工作流/examples/routeb_frame_prefix_index_lean/output/run-8KCH3Ouq/FramePrefixIndex.lean:55:38: error: unexpected token '='; expected ':=', 'where' or '|'
'RouteBFramePrefixIndex.source_frames_explicit' depends on axioms: [propext, sorryAx, Classical.choice, Quot.sound]
'RouteBFramePrefixIndex.source_frames_length_explicit' depends on axioms: [propext, Classical.choice, Quot.sound]
'RouteBFramePrefixIndex.source_frame_zero' depends on axioms: [propext, Classical.choice, Quot.sound]
'RouteBFramePrefixIndex.source_frame_one' depends on axioms: [propext, Classical.choice, Quot.sound]
/mnt/c/Users/z5242/Desktop/重构版/工作流/examples/routeb_frame_prefix_index_lean/output/run-8KCH3Ouq/FramePrefixIndex.lean:76:14: error(lean.unknownIdentifier): Unknown constant `source_frame_two`
'RouteBFramePrefixIndex.source_frame_last' depends on axioms: [propext, Classical.choice, Quot.sound]
'RouteBFramePrefixIndex.explicit_frames_are_source_projections' depends on axioms: [propext,
 sorryAx,
 Classical.choice,
 Quot.sound]
FramePrefixIndex_COMPILE_EXIT_CODE=1
VERIFY_EXIT_CODE=1
