START_UTC=2026-09-06T01:56:58Z
Lean (version 4.33.1, x86_64-unknown-linux-gnu, commit 819816b2e0a3bf405af45ae5c7af2491d8f5bee6, Release)
LEAN_PATH=/mnt/c/Users/z5242/Desktop/重构版/工作流/examples/routeb_matrix_orthogonality_closure_lean/output/run-rFYwtFa3:/home/z5242/sos_lean/.lake/packages/LeanSearchClient/.lake/build/lib/lean:/home/z5242/sos_lean/.lake/packages/Qq/.lake/build/lib/lean:/home/z5242/sos_lean/.lake/packages/aesop/.lake/build/lib/lean:/home/z5242/sos_lean/.lake/packages/batteries/.lake/build/lib/lean:/home/z5242/sos_lean/.lake/packages/importGraph/.lake/build/lib/lean:/home/z5242/sos_lean/.lake/packages/mathlib/.lake/build/lib/lean:/home/z5242/sos_lean/.lake/packages/plausible/.lake/build/lib/lean:/home/z5242/sos_lean/.lake/packages/proofwidgets/.lake/build/lib/lean
SOURCE_SNAPSHOT_COMPLETE=true
/mnt/c/Users/z5242/Desktop/重构版/工作流/examples/routeb_matrix_orthogonality_closure_lean/output/run-rFYwtFa3/MatrixOrthogonalityClosure.lean:20:4: error: Type mismatch: After simplification, term
  h i k
 has type
  @Eq ℝ (∑ a, R i a * R k a) (if i = k then 1 else 0)
but is expected to have type
  @Eq ℝ (∑ j, R i j * R k j) (1 i k)
/mnt/c/Users/z5242/Desktop/重构版/工作流/examples/routeb_matrix_orthogonality_closure_lean/output/run-rFYwtFa3/MatrixOrthogonalityClosure.lean:23:4: error: Type mismatch: After simplification, term
  hik
 has type
  @Eq ℝ (∑ j, R i j * R k j) (1 i k)
but is expected to have type
  @Eq ℝ (∑ a, R i a * R k a) (if i = k then 1 else 0)
'RouteBMatrixOrthogonalityClosure.rowOrtho_iff_gram' depends on axioms: [propext, sorryAx, Classical.choice, Quot.sound]
'RouteBMatrixOrthogonalityClosure.rowOrtho_mul' depends on axioms: [propext, sorryAx, Classical.choice, Quot.sound]
MatrixOrthogonalityClosure_COMPILE_EXIT_CODE=1
VERIFY_EXIT_CODE=1
