START_UTC=2026-09-05T22:23:55Z
LEAN_TOOLCHAIN_COMMIT=819816b2e0a3bf405af45ae5c7af2491d8f5bee6
MATHLIB_COMMIT=0df444a360eaa60ab8c11dca51a86af692955474
Lean (version 4.33.1, x86_64-unknown-linux-gnu, commit 819816b2e0a3bf405af45ae5c7af2491d8f5bee6, Release)
LEAN_PATH=/mnt/c/Users/z5242/Desktop/重构版/工作流/examples/routeb_positive_supply_relative_eta_lean/output/run-u5pj4VJR:/home/z5242/sos_lean/.lake/packages/LeanSearchClient/.lake/build/lib/lean:/home/z5242/sos_lean/.lake/packages/Qq/.lake/build/lib/lean:/home/z5242/sos_lean/.lake/packages/aesop/.lake/build/lib/lean:/home/z5242/sos_lean/.lake/packages/batteries/.lake/build/lib/lean:/home/z5242/sos_lean/.lake/packages/importGraph/.lake/build/lib/lean:/home/z5242/sos_lean/.lake/packages/mathlib/.lake/build/lib/lean:/home/z5242/sos_lean/.lake/packages/plausible/.lake/build/lib/lean:/home/z5242/sos_lean/.lake/packages/proofwidgets/.lake/build/lib/lean
COMMAND=/home/z5242/.elan/toolchains/leanprover--lean4---v4.33.1/bin/lean -DwarningAsError=true --root=/mnt/c/Users/z5242/Desktop/重构版/工作流/examples/routeb_positive_supply_relative_eta_lean/output/run-u5pj4VJR -o /mnt/c/Users/z5242/Desktop/重构版/工作流/examples/routeb_positive_supply_relative_eta_lean/output/run-u5pj4VJR/RelativeEtaDenominator.olean /mnt/c/Users/z5242/Desktop/重构版/工作流/examples/routeb_positive_supply_relative_eta_lean/output/run-u5pj4VJR/RelativeEtaDenominator.lean
/mnt/c/Users/z5242/Desktop/重构版/工作流/examples/routeb_positive_supply_relative_eta_lean/output/run-u5pj4VJR/RelativeEtaDenominator.lean:110:7: error: Variable name `b` is not explicitly referenced.

Hint: The binding can be removed (if unused) or named `_` (if used implicitly). Alternatively, prefix the name with `_` to silence this warning:
  [apply] _b

Note: This linter can be disabled with `set_option linter.unusedVariables false`
/mnt/c/Users/z5242/Desktop/重构版/工作流/examples/routeb_positive_supply_relative_eta_lean/output/run-u5pj4VJR/RelativeEtaDenominator.lean:122:18: error: linarith failed to find a contradiction
case mp
E b a1 rho tau etaU : ℝ
⊢ False
failed
/mnt/c/Users/z5242/Desktop/重构版/工作流/examples/routeb_positive_supply_relative_eta_lean/output/run-u5pj4VJR/RelativeEtaDenominator.lean:122:18: error: linarith failed to find a contradiction
case mpr
E b a1 rho tau etaU : ℝ
⊢ False
failed
'RouteBPositiveSupplyRelativeEta.K_eq_A_add_D' depends on axioms: [propext, Classical.choice, Quot.sound]
'RouteBPositiveSupplyRelativeEta.affine_margin_pos' depends on axioms: [propext, Classical.choice, Quot.sound]
'RouteBPositiveSupplyRelativeEta.etaDenominator_expanded' depends on axioms: [propext, Classical.choice, Quot.sound]
'RouteBPositiveSupplyRelativeEta.relative_eta_denominator_pos' depends on axioms: [propext,
 Classical.choice,
 Quot.sound]
'RouteBPositiveSupplyRelativeEta.direct_gate_iff_no_division' depends on axioms: [propext,
 sorryAx,
 Classical.choice,
 Quot.sound]
'RouteBPositiveSupplyRelativeEta.direct_gate_consequence_no_division' depends on axioms: [propext,
 sorryAx,
 Classical.choice,
 Quot.sound]
'RouteBPositiveSupplyRelativeEta.relative_eta_direct_gate_interface' depends on axioms: [propext,
 sorryAx,
 Classical.choice,
 Quot.sound]
RelativeEtaDenominator_COMPILE_EXIT_CODE=1
VERIFY_EXIT_CODE=1
