Lean (version 4.33.1, x86_64-unknown-linux-gnu, commit 819816b2e0a3bf405af45ae5c7af2491d8f5bee6, Release)
LEAN_PATH=/mnt/c/Users/z5242/Desktop/重构版/工作流/examples/routeb_source_mass_table_minimal_lean/output/run-SlWaTbot:/home/z5242/sos_lean/.lake/packages/LeanSearchClient/.lake/build/lib/lean:/home/z5242/sos_lean/.lake/packages/Qq/.lake/build/lib/lean:/home/z5242/sos_lean/.lake/packages/aesop/.lake/build/lib/lean:/home/z5242/sos_lean/.lake/packages/batteries/.lake/build/lib/lean:/home/z5242/sos_lean/.lake/packages/importGraph/.lake/build/lib/lean:/home/z5242/sos_lean/.lake/packages/mathlib/.lake/build/lib/lean:/home/z5242/sos_lean/.lake/packages/plausible/.lake/build/lib/lean:/home/z5242/sos_lean/.lake/packages/proofwidgets/.lake/build/lib/lean
SOURCE_SNAPSHOT_COMPLETE=true
HISTORICAL_OLEAN_IMPORTS=0
/mnt/c/Users/z5242/Desktop/重构版/工作流/examples/routeb_source_mass_table_minimal_lean/output/run-SlWaTbot/SourceMassTableMinimal.lean:57:25: error(lean.synthInstanceFailed): failed to synthesize instance of type class
  Fintype (V3 → ℝ)

Hint: Type class instance resolution failures can be inspected with the `set_option trace.Meta.synthInstance true` command.
/mnt/c/Users/z5242/Desktop/重构版/工作流/examples/routeb_source_mass_table_minimal_lean/output/run-SlWaTbot/SourceMassTableMinimal.lean:57:6: error: Tactic `rewrite` failed: Did not find an occurrence of the pattern
  ∑ x, if x = fun a => ∑ b, (J a i * if a = b then s else 0) * J b j then ?b x else 0
in the target expression
  ∑ a, ∑ b, (J a i * if a = b then s else 0) * J b j = s * ∑ a, J a i * J a j

J : JMat
s : ℝ
i j : V6
⊢ ∑ a, ∑ b, (J a i * if a = b then s else 0) * J b j = s * ∑ a, J a i * J a j
/mnt/c/Users/z5242/Desktop/重构版/工作流/examples/routeb_source_mass_table_minimal_lean/output/run-SlWaTbot/SourceMassTableMinimal.lean:84:34: error: unsolved goals
⊢ ![1, 4 / 5, 3 / 5, 2 / 5, 3 / 10, 3 / 20] 2 = 3 / 5 ∧
    ![1, 4 / 5, 3 / 5, 2 / 5, 3 / 10, 3 / 20] 3 = 2 / 5 ∧
      ![1, 4 / 5, 3 / 5, 2 / 5, 3 / 10, 3 / 20] 4 = 3 / 10 ∧ ![1, 4 / 5, 3 / 5, 2 / 5, 3 / 10, 3 / 20] 5 = 3 / 20
/mnt/c/Users/z5242/Desktop/重构版/工作流/examples/routeb_source_mass_table_minimal_lean/output/run-SlWaTbot/SourceMassTableMinimal.lean:93:43: error: unsolved goals
⊢ ![1 / 3, 1 / 5, 7 / 60, 1 / 15, 1 / 30, 1 / 60] 2 = 7 / 60 ∧
    ![1 / 3, 1 / 5, 7 / 60, 1 / 15, 1 / 30, 1 / 60] 3 = 1 / 15 ∧
      ![1 / 3, 1 / 5, 7 / 60, 1 / 15, 1 / 30, 1 / 60] 4 = 1 / 30 ∧
        ![1 / 3, 1 / 5, 7 / 60, 1 / 15, 1 / 30, 1 / 60] 5 = 1 / 60
'RouteBSourceMassTableMinimal.sourceMassTable_exact_entries' depends on axioms: [propext,
 sorryAx,
 Classical.choice,
 Quot.sound]
'RouteBSourceMassTableMinimal.sourceInertiaScalarTable_exact_entries' depends on axioms: [propext,
 sorryAx,
 Classical.choice,
 Quot.sound]
'RouteBSourceMassTableMinimal.linkMass_entry_scalarIdentity' depends on axioms: [propext,
 sorryAx,
 Classical.choice,
 Quot.sound]
SourceMassTableMinimal_COMPILE_EXIT_CODE=1
VERIFY_EXIT_CODE=1
