/mnt/c/Users/z5242/Desktop/重构版/工作流/examples/routeb_frame_slot_homogeneous_prefix_lean/output/run-QbtMW690/FrameSlotHomogeneousPrefix.lean:1:0: error: unknown module prefix 'HomogeneousRotationProjection'

No directory 'HomogeneousRotationProjection' or file 'HomogeneousRotationProjection.olean' in the search path entries:
/mnt/c/Users/z5242/Desktop/重构版/工作流/examples/routeb_frame_slot_homogeneous_prefix_lean/output/run-QbtMW690
/mnt/c/Users/z5242/Desktop/重构版/工作流/examples/routeb_concrete_step_homogeneous_lean/output/run-ZBZY9WRv
/mnt/c/Users/z5242/Desktop/重构版/工作流/examples/routeb_homogeneous_prefix_projection_lean/output/run-7hl40Fdl
/mnt/c/Users/z5242/Desktop/重构版/工作流/examples/routeb_frame_slot_accessor_lean/output/run-4RJoHvpZ
/mnt/c/Users/z5242/Desktop/重构版/工作流/examples/routeb_frame_prefix_index_lean/output/run-lVHyO9Lp
/mnt/c/Users/z5242/Desktop/重构版/工作流/examples/routeb_real_dh_step_lean/output/run-nAZVlwhR
/mnt/c/Users/z5242/Desktop/重构版/工作流/examples/routeb_b45_frame_recursion/output/run-k87wlFSd
/mnt/c/Users/z5242/Desktop/重构版/工作流/examples/routeb_frame_origin_axis_lean/output/run-H0sN55iL
/home/z5242/sos_lean/.lake/packages/LeanSearchClient/.lake/build/lib/lean
/home/z5242/sos_lean/.lake/packages/Qq/.lake/build/lib/lean
/home/z5242/sos_lean/.lake/packages/aesop/.lake/build/lib/lean
/home/z5242/sos_lean/.lake/packages/batteries/.lake/build/lib/lean
/home/z5242/sos_lean/.lake/packages/importGraph/.lake/build/lib/lean
/home/z5242/sos_lean/.lake/packages/mathlib/.lake/build/lib/lean
/home/z5242/sos_lean/.lake/packages/plausible/.lake/build/lib/lean
/home/z5242/sos_lean/.lake/packages/proofwidgets/.lake/build/lib/lean
/home/z5242/.elan/toolchains/leanprover--lean4---v4.33.1/lib/lean
FrameSlotHomogeneousPrefix_COMPILE_EXIT_CODE=1
