Output: /mnt/c/Users/z5242/Desktop/重构版/工作流/examples/routeb_supply_core/output/run-zON1nXUp
UTC: 2026-09-05T16:49:28Z
Lean (version 4.33.1, x86_64-unknown-linux-gnu, commit 819816b2e0a3bf405af45ae5c7af2491d8f5bee6, Release)
Mathlib commit: 0df444a360eaa60ab8c11dca51a86af692955474
Existing dependency revisions (read-only cache):
Cli 6130a47896ce867c6a4a55373441e59e565bad0f
LeanSearchClient 5f4d51b81cbd3f6b32b156bfad9056621a040404
Qq 92c15be17b7caf78c2ad767ec40f89052d908d81
aesop 3448c0bcc5ce01b2d1546e483ec3620e32df3d0e
batteries 4488d40d070b9700d4d5a6aa342f0d40c31b2a2d
importGraph 16f02aa7642864af59f1ff0e384a015994db9118
mathlib 0df444a360eaa60ab8c11dca51a86af692955474
plausible b7eb3304aeae834b12dda98993a37f6a41f6f0bb
proofwidgets 4be2e3d5087eeb272cf5a8853b8f9dd025ef5957
Input SHA256:
ce6e2397d9dc85ff3a9d36ea20770e0a2051763f6d0a615cab05f194c21ed120  /mnt/c/Users/z5242/Desktop/重构版/工作流/examples/routeb_supply_core/RouteBSupplyCore.lean
3aac669c7a910ec2389f4e4f921b605adf6ebf2d1e0c9b9cd0be4d33f3f5db71  /mnt/c/Users/z5242/Desktop/重构版/工作流/examples/routeb_supply_core/lean-toolchain
ad85198d36750fc7395c5c5213655101e4e11758910cbc4a275c303cbfa9b14b  /mnt/c/Users/z5242/Desktop/重构版/工作流/examples/routeb_supply_core/verify.sh
dae80fbdbb6439761a0ad1b7c081fc5a61ca1cdd7e2f70e23df31d9756637f26  /home/z5242/sos_lean/lake-manifest.json
Command: /home/z5242/.elan/toolchains/leanprover--lean4---v4.33.1/bin/lean -DwarningAsError=true --root=/mnt/c/Users/z5242/Desktop/重构版/工作流/examples/routeb_supply_core -o /mnt/c/Users/z5242/Desktop/重构版/工作流/examples/routeb_supply_core/output/run-zON1nXUp/RouteBSupplyCore.olean /mnt/c/Users/z5242/Desktop/重构版/工作流/examples/routeb_supply_core/RouteBSupplyCore.lean
/mnt/c/Users/z5242/Desktop/重构版/工作流/examples/routeb_supply_core/RouteBSupplyCore.lean:65:2: error: Used `tac1 <;> tac2` where `(tac1; tac2)` would suffice

Note: This linter can be disabled with `set_option linter.unnecessarySeqFocus false`
/mnt/c/Users/z5242/Desktop/重构版/工作流/examples/routeb_supply_core/RouteBSupplyCore.lean:71:2: error: Used `tac1 <;> tac2` where `(tac1; tac2)` would suffice

Note: This linter can be disabled with `set_option linter.unnecessarySeqFocus false`
'RouteBSupplyCore.damping_pos' depends on axioms: [propext, Classical.choice, Quot.sound]
'RouteBSupplyCore.centerRate_exact' depends on axioms: [propext, Classical.choice, Quot.sound]
'RouteBSupplyCore.gamma_exact' depends on axioms: [propext, Classical.choice, Quot.sound]
'RouteBSupplyCore.gamma_pos' depends on axioms: [propext, Classical.choice, Quot.sound]
'RouteBSupplyCore.gamma_lt_one' depends on axioms: [propext, Classical.choice, Quot.sound]
'RouteBSupplyCore.unitMargin_exact' depends on axioms: [propext, Classical.choice, Quot.sound]
'RouteBSupplyCore.unitMargin_pos' depends on axioms: [propext, Classical.choice, Quot.sound]
'RouteBSupplyCore.completion_six' depends on axioms: [propext, Classical.choice, Quot.sound]
'RouteBSupplyCore.vector_completion_identity' depends on axioms: [propext, Classical.choice, Quot.sound]
'RouteBSupplyCore.completion_nonneg' depends on axioms: [propext, Classical.choice, Quot.sound]
'RouteBSupplyCore.pointwise_supply_bound' depends on axioms: [propext, Classical.choice, Quot.sound]
'RouteBSupplyCore.unit_supply_gap_identity' depends on axioms: [propext, Classical.choice, Quot.sound]
'RouteBSupplyCore.unit_supply_bound' depends on axioms: [propext, Classical.choice, Quot.sound]
'RouteBSupplyCore.supply_at_center' depends on axioms: [propext, Classical.choice, Quot.sound]
'RouteBSupplyCore.uniform_supply_coefficient_iff' depends on axioms: [propext, Classical.choice, Quot.sound]
'RouteBSupplyCore.power_bound_with_remainder' depends on axioms: [propext, Classical.choice, Quot.sound]
'RouteBSupplyCore.unit_supply_of_power_identity' depends on axioms: [propext, Classical.choice, Quot.sound]
'RouteBSupplyCore.unit_supply_of_margin_bound' depends on axioms: [propext, Classical.choice, Quot.sound]
