START_UTC=2026-09-05T22:22:55Z
MATHLIB_COMMIT=0df444a360eaa60ab8c11dca51a86af692955474
Lean (version 4.33.1, x86_64-unknown-linux-gnu, commit 819816b2e0a3bf405af45ae5c7af2491d8f5bee6, Release)
LEAN_PATH=/mnt/c/Users/z5242/Desktop/重构版/工作流/examples/routeb_b45_fourier_normal_form/output/run-rq9auBSp:/home/z5242/sos_lean/.lake/packages/LeanSearchClient/.lake/build/lib/lean:/home/z5242/sos_lean/.lake/packages/Qq/.lake/build/lib/lean:/home/z5242/sos_lean/.lake/packages/aesop/.lake/build/lib/lean:/home/z5242/sos_lean/.lake/packages/batteries/.lake/build/lib/lean:/home/z5242/sos_lean/.lake/packages/importGraph/.lake/build/lib/lean:/home/z5242/sos_lean/.lake/packages/mathlib/.lake/build/lib/lean:/home/z5242/sos_lean/.lake/packages/plausible/.lake/build/lib/lean:/home/z5242/sos_lean/.lake/packages/proofwidgets/.lake/build/lib/lean
PROSPECTIVE_SNAPSHOT_COMPLETE
/mnt/c/Users/z5242/Desktop/重构版/工作流/examples/routeb_b45_fourier_normal_form/output/run-rq9auBSp/FourierNormalForm.lean:138:4: error: try 'simp' instead of 'simpa'

Note: This linter can be disabled with `set_option linter.unnecessarySimpa false`
/mnt/c/Users/z5242/Desktop/重构版/工作流/examples/routeb_b45_fourier_normal_form/output/run-rq9auBSp/FourierNormalForm.lean:142:24: error(lean.unknownIdentifier): Unknown identifier `map_ofReal`
/mnt/c/Users/z5242/Desktop/重构版/工作流/examples/routeb_b45_fourier_normal_form/output/run-rq9auBSp/FourierNormalForm.lean:142:54: error(lean.unknownIdentifier): Unknown identifier `conj_I`
Try this:
  [apply] ring_nf
  
  The `ring` tactic failed to close the goal. Use `ring_nf` to obtain a normal form.
    
  Note that `ring` works primarily in *commutative* rings. If you have a noncommutative ring, abelian group or module, consider using `noncomm_ring`, `abel` or `module` instead.
/mnt/c/Users/z5242/Desktop/重构版/工作流/examples/routeb_b45_fourier_normal_form/output/run-rq9auBSp/FourierNormalForm.lean:140:75: error: unsolved goals
q : ℝ
z : ℂ := Complex.exp (Complex.I * ↑q)
hz : z = ↑(Real.cos q) + ↑(Real.sin q) * Complex.I
hnorm : ‖z‖ = 1
hinv : z⁻¹ = (starRingEnd ℂ) z
⊢ (starRingEnd ℂ) ↑(Real.cos q) + (starRingEnd ℂ) ↑(Real.sin q) * (starRingEnd ℂ) Complex.I =
    ↑(Real.cos q) - ↑(Real.sin q) * Complex.I
/mnt/c/Users/z5242/Desktop/重构版/工作流/examples/routeb_b45_fourier_normal_form/output/run-rq9auBSp/FourierNormalForm.lean:145:61: error: Tactic `rewrite` failed: Did not find an occurrence of the pattern
  z⁻¹
in the target expression
  (1 * (↑(Real.cos q) + ↑(Real.sin q) * Complex.I) +
          (starRingEnd ℂ) 1 * (↑(Real.cos q) + ↑(Real.sin q) * Complex.I)⁻¹) /
        2 =
      ↑(Real.cos q) ∧
    (Complex.I * (↑(Real.cos q) + ↑(Real.sin q) * Complex.I) +
            (starRingEnd ℂ) Complex.I * (↑(Real.cos q) + ↑(Real.sin q) * Complex.I)⁻¹) /
          2 =
        -↑(Real.sin q) ∧
      (-Complex.I * (↑(Real.cos q) + ↑(Real.sin q) * Complex.I) +
              (starRingEnd ℂ) (-Complex.I) * (↑(Real.cos q) + ↑(Real.sin q) * Complex.I)⁻¹) /
            2 =
          ↑(Real.sin q) ∧
        (-Complex.I * 1 * (↑(Real.cos q) + ↑(Real.sin q) * Complex.I) +
                Complex.I * (starRingEnd ℂ) 1 * (↑(Real.cos q) + ↑(Real.sin q) * Complex.I)⁻¹) /
              2 =
            ↑(Real.sin q) ∧
          (-Complex.I * Complex.I * (↑(Real.cos q) + ↑(Real.sin q) * Complex.I) +
                  Complex.I * (starRingEnd ℂ) Complex.I * (↑(Real.cos q) + ↑(Real.sin q) * Complex.I)⁻¹) /
                2 =
              ↑(Real.cos q) ∧
            (-Complex.I * -Complex.I * (↑(Real.cos q) + ↑(Real.sin q) * Complex.I) +
                  Complex.I * (starRingEnd ℂ) (-Complex.I) * (↑(Real.cos q) + ↑(Real.sin q) * Complex.I)⁻¹) /
                2 =
              -↑(Real.cos q)

q : ℝ
z : ℂ := Complex.exp (Complex.I * ↑q)
hz : z = ↑(Real.cos q) + ↑(Real.sin q) * Complex.I
hnorm : ‖z‖ = 1
hinv : z⁻¹ = (starRingEnd ℂ) z
hconj : (starRingEnd ℂ) z = ↑(Real.cos q) - ↑(Real.sin q) * Complex.I
⊢ (1 * (↑(Real.cos q) + ↑(Real.sin q) * Complex.I) +
          (starRingEnd ℂ) 1 * (↑(Real.cos q) + ↑(Real.sin q) * Complex.I)⁻¹) /
        2 =
      ↑(Real.cos q) ∧
    (Complex.I * (↑(Real.cos q) + ↑(Real.sin q) * Complex.I) +
            (starRingEnd ℂ) Complex.I * (↑(Real.cos q) + ↑(Real.sin q) * Complex.I)⁻¹) /
          2 =
        -↑(Real.sin q) ∧
      (-Complex.I * (↑(Real.cos q) + ↑(Real.sin q) * Complex.I) +
              (starRingEnd ℂ) (-Complex.I) * (↑(Real.cos q) + ↑(Real.sin q) * Complex.I)⁻¹) /
            2 =
          ↑(Real.sin q) ∧
        (-Complex.I * 1 * (↑(Real.cos q) + ↑(Real.sin q) * Complex.I) +
                Complex.I * (starRingEnd ℂ) 1 * (↑(Real.cos q) + ↑(Real.sin q) * Complex.I)⁻¹) /
              2 =
            ↑(Real.sin q) ∧
          (-Complex.I * Complex.I * (↑(Real.cos q) + ↑(Real.sin q) * Complex.I) +
                  Complex.I * (starRingEnd ℂ) Complex.I * (↑(Real.cos q) + ↑(Real.sin q) * Complex.I)⁻¹) /
                2 =
              ↑(Real.cos q) ∧
            (-Complex.I * -Complex.I * (↑(Real.cos q) + ↑(Real.sin q) * Complex.I) +
                  Complex.I * (starRingEnd ℂ) (-Complex.I) * (↑(Real.cos q) + ↑(Real.sin q) * Complex.I)⁻¹) /
                2 =
              -↑(Real.cos q)
/mnt/c/Users/z5242/Desktop/重构版/工作流/examples/routeb_b45_fourier_normal_form/output/run-rq9auBSp/FourierNormalForm.lean:142:45: error: This simp argument is unused:
  map_neg

Hint: Omit it from the simp argument list.
  [apply] simp only [map_add, map_ofReal, map_mul, conj_I]

Note: This linter can be disabled with `set_option linter.unusedSimpArgs false`
'RouteBB45Fourier.fourierDHStep_normal_form' depends on axioms: [propext, Classical.choice, Quot.sound]
'RouteBB45Fourier.routeB_exact_single_step_parameters' depends on axioms: [propext, Classical.choice, Quot.sound]
'RouteBB45Fourier.fourier_phase_bridge' depends on axioms: [propext, sorryAx, Classical.choice, Quot.sound]
FourierNormalForm_COMPILE_EXIT_CODE=1
VERIFY_EXIT_CODE=1
